Component: ARM Compiler 6.16 Tool: armlink [5dfeaa00]

==============================================================================

Section Cross References

    startup_stm32f103xb.o(RESET) refers to startup_stm32f103xb.o(STACK) for __initial_sp
    startup_stm32f103xb.o(RESET) refers to startup_stm32f103xb.o(.text) for Reset_Handler
    startup_stm32f103xb.o(RESET) refers to stm32f1xx_it.o(.text.NMI_Handler) for NMI_Handler
    startup_stm32f103xb.o(RESET) refers to stm32f1xx_it.o(.text.HardFault_Handler) for HardFault_Handler
    startup_stm32f103xb.o(RESET) refers to stm32f1xx_it.o(.text.MemManage_Handler) for MemManage_Handler
    startup_stm32f103xb.o(RESET) refers to stm32f1xx_it.o(.text.BusFault_Handler) for BusFault_Handler
    startup_stm32f103xb.o(RESET) refers to stm32f1xx_it.o(.text.UsageFault_Handler) for UsageFault_Handler
    startup_stm32f103xb.o(RESET) refers to stm32f1xx_it.o(.text.SVC_Handler) for SVC_Handler
    startup_stm32f103xb.o(RESET) refers to stm32f1xx_it.o(.text.DebugMon_Handler) for DebugMon_Handler
    startup_stm32f103xb.o(RESET) refers to stm32f1xx_it.o(.text.PendSV_Handler) for PendSV_Handler
    startup_stm32f103xb.o(RESET) refers to stm32f1xx_it.o(.text.SysTick_Handler) for SysTick_Handler
    startup_stm32f103xb.o(RESET) refers to stm32f1xx_it.o(.text.ADC1_2_IRQHandler) for ADC1_2_IRQHandler
    startup_stm32f103xb.o(RESET) refers to stm32f1xx_it.o(.text.EXTI9_5_IRQHandler) for EXTI9_5_IRQHandler
    startup_stm32f103xb.o(.text) refers to system_stm32f1xx.o(.text.SystemInit) for SystemInit
    startup_stm32f103xb.o(.text) refers to entry.o(.ARM.Collect$$$$00000000) for __main
    st7735.o(.text.ST7735_Unselect) refers to stm32f1xx_hal_gpio.o(.text.HAL_GPIO_WritePin) for HAL_GPIO_WritePin
    st7735.o(.ARM.exidx.text.ST7735_Unselect) refers to st7735.o(.text.ST7735_Unselect) for [Anonymous Symbol]
    st7735.o(.text.ST7735_Init) refers to st7735.o(.text.ST7735_BLK_ON) for ST7735_BLK_ON
    st7735.o(.text.ST7735_Init) refers to st7735.o(.text.ST7735_Select) for ST7735_Select
    st7735.o(.text.ST7735_Init) refers to st7735.o(.text.ST7735_Reset) for ST7735_Reset
    st7735.o(.text.ST7735_Init) refers to st7735.o(.rodata.init_cmds1) for init_cmds1
    st7735.o(.text.ST7735_Init) refers to st7735.o(.text.ST7735_ExecuteCommandList) for ST7735_ExecuteCommandList
    st7735.o(.text.ST7735_Init) refers to st7735.o(.rodata.init_cmds2) for init_cmds2
    st7735.o(.text.ST7735_Init) refers to st7735.o(.rodata.init_cmds3) for init_cmds3
    st7735.o(.text.ST7735_Init) refers to st7735.o(.text.ST7735_Unselect) for ST7735_Unselect
    st7735.o(.ARM.exidx.text.ST7735_Init) refers to st7735.o(.text.ST7735_Init) for [Anonymous Symbol]
    st7735.o(.text.ST7735_BLK_ON) refers to stm32f1xx_hal_gpio.o(.text.HAL_GPIO_WritePin) for HAL_GPIO_WritePin
    st7735.o(.ARM.exidx.text.ST7735_BLK_ON) refers to st7735.o(.text.ST7735_BLK_ON) for [Anonymous Symbol]
    st7735.o(.text.ST7735_ExecuteCommandList) refers to st7735.o(.text.ST7735_WriteCommand) for ST7735_WriteCommand
    st7735.o(.text.ST7735_ExecuteCommandList) refers to st7735.o(.text.ST7735_WriteData) for ST7735_WriteData
    st7735.o(.text.ST7735_ExecuteCommandList) refers to stm32f1xx_hal.o(.text.HAL_Delay) for HAL_Delay
    st7735.o(.ARM.exidx.text.ST7735_ExecuteCommandList) refers to st7735.o(.text.ST7735_ExecuteCommandList) for [Anonymous Symbol]
    st7735.o(.text.ST7735_DrawPixel) refers to st7735.o(.text.ST7735_Select) for ST7735_Select
    st7735.o(.text.ST7735_DrawPixel) refers to st7735.o(.text.ST7735_SetAddressWindow) for ST7735_SetAddressWindow
    st7735.o(.text.ST7735_DrawPixel) refers to st7735.o(.text.ST7735_WriteData) for ST7735_WriteData
    st7735.o(.text.ST7735_DrawPixel) refers to st7735.o(.text.ST7735_Unselect) for ST7735_Unselect
    st7735.o(.ARM.exidx.text.ST7735_DrawPixel) refers to st7735.o(.text.ST7735_DrawPixel) for [Anonymous Symbol]
    st7735.o(.text.ST7735_SetAddressWindow) refers to st7735.o(.text.ST7735_WriteCommand) for ST7735_WriteCommand
    st7735.o(.text.ST7735_SetAddressWindow) refers to st7735.o(.text.ST7735_WriteData) for ST7735_WriteData
    st7735.o(.ARM.exidx.text.ST7735_SetAddressWindow) refers to st7735.o(.text.ST7735_SetAddressWindow) for [Anonymous Symbol]
    st7735.o(.text.ST7735_WriteData) refers to stm32f1xx_hal_gpio.o(.text.HAL_GPIO_WritePin) for HAL_GPIO_WritePin
    st7735.o(.text.ST7735_WriteData) refers to main.o(.bss.hspi2) for hspi2
    st7735.o(.text.ST7735_WriteData) refers to stm32f1xx_hal_spi.o(.text.HAL_SPI_Transmit) for HAL_SPI_Transmit
    st7735.o(.ARM.exidx.text.ST7735_WriteData) refers to st7735.o(.text.ST7735_WriteData) for [Anonymous Symbol]
    st7735.o(.text.ST7735_WriteString) refers to st7735.o(.text.ST7735_Select) for ST7735_Select
    st7735.o(.text.ST7735_WriteString) refers to st7735.o(.text.ST7735_WriteChar) for ST7735_WriteChar
    st7735.o(.text.ST7735_WriteString) refers to st7735.o(.text.ST7735_Unselect) for ST7735_Unselect
[...]
    Removing stm32f1xx_hal_flash.o(.ARM.exidx.text.HAL_FLASH_IRQHandler), (8 bytes).
    Removing stm32f1xx_hal_flash.o(.text.FLASH_SetErrorCode), (270 bytes).
    Removing stm32f1xx_hal_flash.o(.ARM.exidx.text.FLASH_SetErrorCode), (8 bytes).
    Removing stm32f1xx_hal_flash.o(.text.HAL_FLASH_OperationErrorCallback), (8 bytes).
    Removing stm32f1xx_hal_flash.o(.ARM.exidx.text.HAL_FLASH_OperationErrorCallback), (8 bytes).
    Removing stm32f1xx_hal_flash.o(.text.HAL_FLASH_EndOfOperationCallback), (8 bytes).
    Removing stm32f1xx_hal_flash.o(.ARM.exidx.text.HAL_FLASH_EndOfOperationCallback), (8 bytes).
    Removing stm32f1xx_hal_flash.o(.text.HAL_FLASH_Unlock), (84 bytes).
    Removing stm32f1xx_hal_flash.o(.ARM.exidx.text.HAL_FLASH_Unlock), (8 bytes).
    Removing stm32f1xx_hal_flash.o(.text.HAL_FLASH_Lock), (20 bytes).
    Removing stm32f1xx_hal_flash.o(.ARM.exidx.text.HAL_FLASH_Lock), (8 bytes).
    Removing stm32f1xx_hal_flash.o(.text.HAL_FLASH_OB_Unlock), (68 bytes).
    Removing stm32f1xx_hal_flash.o(.ARM.exidx.text.HAL_FLASH_OB_Unlock), (8 bytes).
    Removing stm32f1xx_hal_flash.o(.text.HAL_FLASH_OB_Lock), (20 bytes).
    Removing stm32f1xx_hal_flash.o(.ARM.exidx.text.HAL_FLASH_OB_Lock), (8 bytes).
    Removing stm32f1xx_hal_flash.o(.text.HAL_FLASH_OB_Launch), (8 bytes).
    Removing stm32f1xx_hal_flash.o(.ARM.exidx.text.HAL_FLASH_OB_Launch), (8 bytes).
    Removing stm32f1xx_hal_flash.o(.text.HAL_FLASH_GetError), (12 bytes).
    Removing stm32f1xx_hal_flash.o(.ARM.exidx.text.HAL_FLASH_GetError), (8 bytes).
    Removing stm32f1xx_hal_flash.o(.bss.pFlash), (32 bytes).
    Removing stm32f1xx_hal_flash_ex.o(.text), (0 bytes).
    Removing stm32f1xx_hal_flash_ex.o(.text.HAL_FLASHEx_Erase), (250 bytes).
    Removing stm32f1xx_hal_flash_ex.o(.ARM.exidx.text.HAL_FLASHEx_Erase), (8 bytes).
    Removing stm32f1xx_hal_flash_ex.o(.text.FLASH_MassErase), (44 bytes).
    Removing stm32f1xx_hal_flash_ex.o(.ARM.exidx.text.FLASH_MassErase), (8 bytes).
    Removing stm32f1xx_hal_flash_ex.o(.text.FLASH_PageErase), (56 bytes).
    Removing stm32f1xx_hal_flash_ex.o(.ARM.exidx.text.FLASH_PageErase), (8 bytes).
    Removing stm32f1xx_hal_flash_ex.o(.text.HAL_FLASHEx_Erase_IT), (164 bytes).
    Removing stm32f1xx_hal_flash_ex.o(.ARM.exidx.text.HAL_FLASHEx_Erase_IT), (8 bytes).
    Removing stm32f1xx_hal_flash_ex.o(.text.HAL_FLASHEx_OBErase), (122 bytes).
    Removing stm32f1xx_hal_flash_ex.o(.ARM.exidx.text.HAL_FLASHEx_OBErase), (8 bytes).
    Removing stm32f1xx_hal_flash_ex.o(.text.FLASH_OB_GetRDP), (52 bytes).
    Removing stm32f1xx_hal_flash_ex.o(.ARM.exidx.text.FLASH_OB_GetRDP), (8 bytes).
    Removing stm32f1xx_hal_flash_ex.o(.text.FLASH_OB_RDP_LevelConfig), (154 bytes).
    Removing stm32f1xx_hal_flash_ex.o(.ARM.exidx.text.FLASH_OB_RDP_LevelConfig), (8 bytes).
    Removing stm32f1xx_hal_flash_ex.o(.text.HAL_FLASHEx_OBProgram), (310 bytes).
    Removing stm32f1xx_hal_flash_ex.o(.ARM.exidx.text.HAL_FLASHEx_OBProgram), (8 bytes).
    Removing stm32f1xx_hal_flash_ex.o(.text.FLASH_OB_EnableWRP), (342 bytes).
    Removing stm32f1xx_hal_flash_ex.o(.ARM.exidx.text.FLASH_OB_EnableWRP), (8 bytes).
    Removing stm32f1xx_hal_flash_ex.o(.text.FLASH_OB_DisableWRP), (336 bytes).
    Removing stm32f1xx_hal_flash_ex.o(.ARM.exidx.text.FLASH_OB_DisableWRP), (8 bytes).
    Removing stm32f1xx_hal_flash_ex.o(.text.FLASH_OB_UserConfig), (104 bytes).
    Removing stm32f1xx_hal_flash_ex.o(.ARM.exidx.text.FLASH_OB_UserConfig), (8 bytes).
    Removing stm32f1xx_hal_flash_ex.o(.text.FLASH_OB_ProgramData), (96 bytes).
    Removing stm32f1xx_hal_flash_ex.o(.ARM.exidx.text.FLASH_OB_ProgramData), (8 bytes).
    Removing stm32f1xx_hal_flash_ex.o(.text.HAL_FLASHEx_OBGetConfig), (40 bytes).
    Removing stm32f1xx_hal_flash_ex.o(.ARM.exidx.text.HAL_FLASHEx_OBGetConfig), (8 bytes).
    Removing stm32f1xx_hal_flash_ex.o(.text.FLASH_OB_GetWRP), (12 bytes).
    Removing stm32f1xx_hal_flash_ex.o(.ARM.exidx.text.FLASH_OB_GetWRP), (8 bytes).
    Removing stm32f1xx_hal_flash_ex.o(.text.FLASH_OB_GetUser), (16 bytes).
    Removing stm32f1xx_hal_flash_ex.o(.ARM.exidx.text.FLASH_OB_GetUser), (8 bytes).
    Removing stm32f1xx_hal_flash_ex.o(.text.HAL_FLASHEx_OBGetUserData), (66 bytes).
    Removing stm32f1xx_hal_flash_ex.o(.ARM.exidx.text.HAL_FLASHEx_OBGetUserData), (8 bytes).
    Removing stm32f1xx_hal_exti.o(.text), (0 bytes).
    Removing stm32f1xx_hal_exti.o(.text.HAL_EXTI_SetConfigLine), (350 bytes).
    Removing stm32f1xx_hal_exti.o(.ARM.exidx.text.HAL_EXTI_SetConfigLine), (8 bytes).
    Removing stm32f1xx_hal_exti.o(.text.HAL_EXTI_GetConfigLine), (258 bytes).
    Removing stm32f1xx_hal_exti.o(.ARM.exidx.text.HAL_EXTI_GetConfigLine), (8 bytes).
    Removing stm32f1xx_hal_exti.o(.text.HAL_EXTI_ClearConfigLine), (188 bytes).
    Removing stm32f1xx_hal_exti.o(.ARM.exidx.text.HAL_EXTI_ClearConfigLine), (8 bytes).
    Removing stm32f1xx_hal_exti.o(.text.HAL_EXTI_RegisterCallback), (38 bytes).
    Removing stm32f1xx_hal_exti.o(.ARM.exidx.text.HAL_EXTI_RegisterCallback), (8 bytes).
    Removing stm32f1xx_hal_exti.o(.text.HAL_EXTI_GetHandle), (36 bytes).
    Removing stm32f1xx_hal_exti.o(.ARM.exidx.text.HAL_EXTI_GetHandle), (8 bytes).
    Removing stm32f1xx_hal_exti.o(.text.HAL_EXTI_IRQHandler), (76 bytes).
    Removing stm32f1xx_hal_exti.o(.ARM.exidx.text.HAL_EXTI_IRQHandler), (8 bytes).
    Removing stm32f1xx_hal_exti.o(.text.HAL_EXTI_GetPending), (50 bytes).
    Removing stm32f1xx_hal_exti.o(.ARM.exidx.text.HAL_EXTI_GetPending), (8 bytes).
    Removing stm32f1xx_hal_exti.o(.text.HAL_EXTI_ClearPending), (36 bytes).
    Removing stm32f1xx_hal_exti.o(.ARM.exidx.text.HAL_EXTI_ClearPending), (8 bytes).
    Removing stm32f1xx_hal_exti.o(.text.HAL_EXTI_GenerateSWI), (34 bytes).
    Removing stm32f1xx_hal_exti.o(.ARM.exidx.text.HAL_EXTI_GenerateSWI), (8 bytes).
    Removing stm32f1xx_hal_spi.o(.text), (0 bytes).
    Removing stm32f1xx_hal_spi.o(.ARM.exidx.text.HAL_SPI_Init), (8 bytes).
    Removing stm32f1xx_hal_spi.o(.text.HAL_SPI_MspInit), (8 bytes).
    Removing stm32f1xx_hal_spi.o(.ARM.exidx.text.HAL_SPI_MspInit), (8 bytes).
    Removing stm32f1xx_hal_spi.o(.text.HAL_SPI_DeInit), (74 bytes).
    Removing stm32f1xx_hal_spi.o(.ARM.exidx.text.HAL_SPI_DeInit), (8 bytes).
    Removing stm32f1xx_hal_spi.o(.text.HAL_SPI_MspDeInit), (8 bytes).
    Removing stm32f1xx_hal_spi.o(.ARM.exidx.text.HAL_SPI_MspDeInit), (8 bytes).
    Removing stm32f1xx_hal_spi.o(.ARM.exidx.text.HAL_SPI_Transmit), (8 bytes).
    Removing stm32f1xx_hal_spi.o(.ARM.exidx.text.SPI_EndRxTxTransaction), (8 bytes).
    Removing stm32f1xx_hal_spi.o(.text.HAL_SPI_Receive), (524 bytes).
    Removing stm32f1xx_hal_spi.o(.ARM.exidx.text.HAL_SPI_Receive), (8 bytes).
    Removing stm32f1xx_hal_spi.o(.text.HAL_SPI_TransmitReceive), (830 bytes).
    Removing stm32f1xx_hal_spi.o(.ARM.exidx.text.HAL_SPI_TransmitReceive), (8 bytes).
    Removing stm32f1xx_hal_spi.o(.text.SPI_EndRxTransaction), (176 bytes).
    Removing stm32f1xx_hal_spi.o(.ARM.exidx.text.SPI_EndRxTransaction), (8 bytes).
    Removing stm32f1xx_hal_spi.o(.text.HAL_SPI_Transmit_IT), (268 bytes).
    Removing stm32f1xx_hal_spi.o(.ARM.exidx.text.HAL_SPI_Transmit_IT), (8 bytes).
    Removing stm32f1xx_hal_spi.o(.text.SPI_TxISR_16BIT), (52 bytes).
    Removing stm32f1xx_hal_spi.o(.ARM.exidx.text.SPI_TxISR_16BIT), (8 bytes).
    Removing stm32f1xx_hal_spi.o(.text.SPI_TxISR_8BIT), (52 bytes).
    Removing stm32f1xx_hal_spi.o(.ARM.exidx.text.SPI_TxISR_8BIT), (8 bytes).
    Removing stm32f1xx_hal_spi.o(.text.HAL_SPI_Receive_IT), (314 bytes).
    Removing stm32f1xx_hal_spi.o(.ARM.exidx.text.HAL_SPI_Receive_IT), (8 bytes).
    Removing stm32f1xx_hal_spi.o(.text.HAL_SPI_TransmitReceive_IT), (316 bytes).
    Removing stm32f1xx_hal_spi.o(.ARM.exidx.text.HAL_SPI_TransmitReceive_IT), (8 bytes).
    Removing stm32f1xx_hal_spi.o(.text.SPI_RxISR_16BIT), (54 bytes).
    Removing stm32f1xx_hal_spi.o(.ARM.exidx.text.SPI_RxISR_16BIT), (8 bytes).
    Removing stm32f1xx_hal_spi.o(.text.SPI_RxISR_8BIT), (54 bytes).
    Removing stm32f1xx_hal_spi.o(.ARM.exidx.text.SPI_RxISR_8BIT), (8 bytes).
    Removing stm32f1xx_hal_spi.o(.text.SPI_2linesRxISR_16BIT), (76 bytes).
    Removing stm32f1xx_hal_spi.o(.ARM.exidx.text.SPI_2linesRxISR_16BIT), (8 bytes).
    Removing stm32f1xx_hal_spi.o(.text.SPI_2linesTxISR_16BIT), (74 bytes).
    Removing stm32f1xx_hal_spi.o(.ARM.exidx.text.SPI_2linesTxISR_16BIT), (8 bytes).
    Removing stm32f1xx_hal_spi.o(.text.SPI_2linesRxISR_8BIT), (76 bytes).
    Removing stm32f1xx_hal_spi.o(.ARM.exidx.text.SPI_2linesRxISR_8BIT), (8 bytes).
    Removing stm32f1xx_hal_spi.o(.text.SPI_2linesTxISR_8BIT), (74 bytes).
    Removing stm32f1xx_hal_spi.o(.ARM.exidx.text.SPI_2linesTxISR_8BIT), (8 bytes).
    Removing stm32f1xx_hal_spi.o(.text.HAL_SPI_Transmit_DMA), (340 bytes).
    Removing stm32f1xx_hal_spi.o(.ARM.exidx.text.HAL_SPI_Transmit_DMA), (8 bytes).
    Removing stm32f1xx_hal_spi.o(.text.SPI_DMAHalfTransmitCplt), (22 bytes).
    Removing stm32f1xx_hal_spi.o(.ARM.exidx.text.SPI_DMAHalfTransmitCplt), (8 bytes).
    Removing stm32f1xx_hal_spi.o(.text.SPI_DMATransmitCplt), (162 bytes).
    Removing stm32f1xx_hal_spi.o(.ARM.exidx.text.SPI_DMATransmitCplt), (8 bytes).
    Removing stm32f1xx_hal_spi.o(.text.SPI_DMAError), (50 bytes).
    Removing stm32f1xx_hal_spi.o(.ARM.exidx.text.SPI_DMAError), (8 bytes).
    Removing stm32f1xx_hal_spi.o(.text.HAL_SPI_Receive_DMA), (380 bytes).
    Removing stm32f1xx_hal_spi.o(.ARM.exidx.text.HAL_SPI_Receive_DMA), (8 bytes).
    Removing stm32f1xx_hal_spi.o(.text.HAL_SPI_TransmitReceive_DMA), (488 bytes).
    Removing stm32f1xx_hal_spi.o(.ARM.exidx.text.HAL_SPI_TransmitReceive_DMA), (8 bytes).
    Removing stm32f1xx_hal_spi.o(.text.SPI_DMAHalfReceiveCplt), (22 bytes).
    Removing stm32f1xx_hal_spi.o(.ARM.exidx.text.SPI_DMAHalfReceiveCplt), (8 bytes).
    Removing stm32f1xx_hal_spi.o(.text.SPI_DMAReceiveCplt), (158 bytes).
    Removing stm32f1xx_hal_spi.o(.ARM.exidx.text.SPI_DMAReceiveCplt), (8 bytes).
    Removing stm32f1xx_hal_spi.o(.text.SPI_DMAHalfTransmitReceiveCplt), (22 bytes).
    Removing stm32f1xx_hal_spi.o(.ARM.exidx.text.SPI_DMAHalfTransmitReceiveCplt), (8 bytes).
    Removing stm32f1xx_hal_spi.o(.text.SPI_DMATransmitReceiveCplt), (130 bytes).
    Removing stm32f1xx_hal_spi.o(.ARM.exidx.text.SPI_DMATransmitReceiveCplt), (8 bytes).
    Removing stm32f1xx_hal_spi.o(.text.HAL_SPI_Abort), (466 bytes).
    Removing stm32f1xx_hal_spi.o(.ARM.exidx.text.HAL_SPI_Abort), (8 bytes).
    Removing stm32f1xx_hal_spi.o(.text.SPI_AbortTx_ISR), (38 bytes).
    Removing stm32f1xx_hal_spi.o(.ARM.exidx.text.SPI_AbortTx_ISR), (8 bytes).
    Removing stm32f1xx_hal_spi.o(.text.SPI_AbortRx_ISR), (138 bytes).
    Removing stm32f1xx_hal_spi.o(.ARM.exidx.text.SPI_AbortRx_ISR), (8 bytes).
    Removing stm32f1xx_hal_spi.o(.text.HAL_SPI_Abort_IT), (518 bytes).
    Removing stm32f1xx_hal_spi.o(.ARM.exidx.text.HAL_SPI_Abort_IT), (8 bytes).
    Removing stm32f1xx_hal_spi.o(.text.SPI_DMATxAbortCallback), (212 bytes).
    Removing stm32f1xx_hal_spi.o(.ARM.exidx.text.SPI_DMATxAbortCallback), (8 bytes).
    Removing stm32f1xx_hal_spi.o(.text.SPI_DMARxAbortCallback), (172 bytes).
    Removing stm32f1xx_hal_spi.o(.ARM.exidx.text.SPI_DMARxAbortCallback), (8 bytes).
    Removing stm32f1xx_hal_spi.o(.text.HAL_SPI_AbortCpltCallback), (8 bytes).
    Removing stm32f1xx_hal_spi.o(.ARM.exidx.text.HAL_SPI_AbortCpltCallback), (8 bytes).
    Removing stm32f1xx_hal_spi.o(.text.HAL_SPI_DMAPause), (66 bytes).
    Removing stm32f1xx_hal_spi.o(.ARM.exidx.text.HAL_SPI_DMAPause), (8 bytes).
    Removing stm32f1xx_hal_spi.o(.text.HAL_SPI_DMAResume), (66 bytes).
    Removing stm32f1xx_hal_spi.o(.ARM.exidx.text.HAL_SPI_DMAResume), (8 bytes).
    Removing stm32f1xx_hal_spi.o(.text.HAL_SPI_DMAStop), (110 bytes).
    Removing stm32f1xx_hal_spi.o(.ARM.exidx.text.HAL_SPI_DMAStop), (8 bytes).
    Removing stm32f1xx_hal_spi.o(.text.HAL_SPI_IRQHandler), (504 bytes).
    Removing stm32f1xx_hal_spi.o(.ARM.exidx.text.HAL_SPI_IRQHandler), (8 bytes).
    Removing stm32f1xx_hal_spi.o(.text.SPI_DMAAbortOnError), (32 bytes).
    Removing stm32f1xx_hal_spi.o(.ARM.exidx.text.SPI_DMAAbortOnError), (8 bytes).
    Removing stm32f1xx_hal_spi.o(.text.HAL_SPI_ErrorCallback), (8 bytes).
    Removing stm32f1xx_hal_spi.o(.ARM.exidx.text.HAL_SPI_ErrorCallback), (8 bytes).
    Removing stm32f1xx_hal_spi.o(.text.HAL_SPI_TxCpltCallback), (8 bytes).
    Removing stm32f1xx_hal_spi.o(.ARM.exidx.text.HAL_SPI_TxCpltCallback), (8 bytes).
    Removing stm32f1xx_hal_spi.o(.text.HAL_SPI_RxCpltCallback), (8 bytes).
    Removing stm32f1xx_hal_spi.o(.ARM.exidx.text.HAL_SPI_RxCpltCallback), (8 bytes).
    Removing stm32f1xx_hal_spi.o(.text.HAL_SPI_TxRxCpltCallback), (8 bytes).
    Removing stm32f1xx_hal_spi.o(.ARM.exidx.text.HAL_SPI_TxRxCpltCallback), (8 bytes).
    Removing stm32f1xx_hal_spi.o(.text.HAL_SPI_TxHalfCpltCallback), (8 bytes).
    Removing stm32f1xx_hal_spi.o(.ARM.exidx.text.HAL_SPI_TxHalfCpltCallback), (8 bytes).
    Removing stm32f1xx_hal_spi.o(.text.HAL_SPI_RxHalfCpltCallback), (8 bytes).
    Removing stm32f1xx_hal_spi.o(.ARM.exidx.text.HAL_SPI_RxHalfCpltCallback), (8 bytes).
    Removing stm32f1xx_hal_spi.o(.text.HAL_SPI_TxRxHalfCpltCallback), (8 bytes).
    Removing stm32f1xx_hal_spi.o(.ARM.exidx.text.HAL_SPI_TxRxHalfCpltCallback), (8 bytes).
    Removing stm32f1xx_hal_spi.o(.text.HAL_SPI_GetState), (12 bytes).
    Removing stm32f1xx_hal_spi.o(.ARM.exidx.text.HAL_SPI_GetState), (8 bytes).
    Removing stm32f1xx_hal_spi.o(.text.HAL_SPI_GetError), (12 bytes).
    Removing stm32f1xx_hal_spi.o(.ARM.exidx.text.HAL_SPI_GetError), (8 bytes).
    Removing stm32f1xx_hal_spi.o(.text.SPI_CloseRxTx_ISR), (238 bytes).
    Removing stm32f1xx_hal_spi.o(.ARM.exidx.text.SPI_CloseRxTx_ISR), (8 bytes).
    Removing stm32f1xx_hal_spi.o(.text.SPI_CloseRx_ISR), (122 bytes).
    Removing stm32f1xx_hal_spi.o(.ARM.exidx.text.SPI_CloseRx_ISR), (8 bytes).
    Removing stm32f1xx_hal_spi.o(.text.SPI_CloseTx_ISR), (206 bytes).
    Removing stm32f1xx_hal_spi.o(.ARM.exidx.text.SPI_CloseTx_ISR), (8 bytes).
    Removing stm32f1xx_hal_spi.o(.ARM.exidx.text.SPI_WaitFlagStateUntilTimeout), (8 bytes).
    Removing stm32f1xx_hal_tim.o(.text), (0 bytes).
    Removing stm32f1xx_hal_tim.o(.ARM.exidx.text.HAL_TIM_Base_Init), (8 bytes).
    Removing stm32f1xx_hal_tim.o(.text.HAL_TIM_Base_MspInit), (8 bytes).
    Removing stm32f1xx_hal_tim.o(.ARM.exidx.text.HAL_TIM_Base_MspInit), (8 bytes).
    Removing stm32f1xx_hal_tim.o(.ARM.exidx.text.TIM_Base_SetConfig), (8 bytes).
    Removing stm32f1xx_hal_tim.o(.text.HAL_TIM_Base_DeInit), (142 bytes).
    Removing stm32f1xx_hal_tim.o(.ARM.exidx.text.HAL_TIM_Base_DeInit), (8 bytes).
    Removing stm32f1xx_hal_tim.o(.text.HAL_TIM_Base_MspDeInit), (8 bytes).
    Removing stm32f1xx_hal_tim.o(.ARM.exidx.text.HAL_TIM_Base_MspDeInit), (8 bytes).
    Removing stm32f1xx_hal_tim.o(.ARM.exidx.text.HAL_TIM_Base_Start), (8 bytes).
    Removing stm32f1xx_hal_tim.o(.text.HAL_TIM_Base_Stop), (68 bytes).
    Removing stm32f1xx_hal_tim.o(.ARM.exidx.text.HAL_TIM_Base_Stop), (8 bytes).
    Removing stm32f1xx_hal_tim.o(.text.HAL_TIM_Base_Start_IT), (166 bytes).
    Removing stm32f1xx_hal_tim.o(.ARM.exidx.text.HAL_TIM_Base_Start_IT), (8 bytes).
    Removing stm32f1xx_hal_tim.o(.text.HAL_TIM_Base_Stop_IT), (80 bytes).
    Removing stm32f1xx_hal_tim.o(.ARM.exidx.text.HAL_TIM_Base_Stop_IT), (8 bytes).
    Removing stm32f1xx_hal_tim.o(.text.HAL_TIM_Base_Start_DMA), (286 bytes).
    Removing stm32f1xx_hal_tim.o(.ARM.exidx.text.HAL_TIM_Base_Start_DMA), (8 bytes).
    Removing stm32f1xx_hal_tim.o(.text.TIM_DMAPeriodElapsedCplt), (40 bytes).
    Removing stm32f1xx_hal_tim.o(.ARM.exidx.text.TIM_DMAPeriodElapsedCplt), (8 bytes).
    Removing stm32f1xx_hal_tim.o(.text.TIM_DMAPeriodElapsedHalfCplt), (22 bytes).
    Removing stm32f1xx_hal_tim.o(.ARM.exidx.text.TIM_DMAPeriodElapsedHalfCplt), (8 bytes).
    Removing stm32f1xx_hal_tim.o(.text.TIM_DMAError), (144 bytes).
    Removing stm32f1xx_hal_tim.o(.ARM.exidx.text.TIM_DMAError), (8 bytes).
    Removing stm32f1xx_hal_tim.o(.text.HAL_TIM_Base_Stop_DMA), (90 bytes).
    Removing stm32f1xx_hal_tim.o(.ARM.exidx.text.HAL_TIM_Base_Stop_DMA), (8 bytes).
    Removing stm32f1xx_hal_tim.o(.text.HAL_TIM_OC_Init), (124 bytes).
    Removing stm32f1xx_hal_tim.o(.ARM.exidx.text.HAL_TIM_OC_Init), (8 bytes).
    Removing stm32f1xx_hal_tim.o(.text.HAL_TIM_OC_MspInit), (8 bytes).
    Removing stm32f1xx_hal_tim.o(.ARM.exidx.text.HAL_TIM_OC_MspInit), (8 bytes).
    Removing stm32f1xx_hal_tim.o(.text.HAL_TIM_OC_DeInit), (142 bytes).
    Removing stm32f1xx_hal_tim.o(.ARM.exidx.text.HAL_TIM_OC_DeInit), (8 bytes).
    Removing stm32f1xx_hal_tim.o(.text.HAL_TIM_OC_MspDeInit), (8 bytes).
    Removing stm32f1xx_hal_tim.o(.ARM.exidx.text.HAL_TIM_OC_MspDeInit), (8 bytes).
    Removing stm32f1xx_hal_tim.o(.text.HAL_TIM_OC_Start), (330 bytes).
    Removing stm32f1xx_hal_tim.o(.ARM.exidx.text.HAL_TIM_OC_Start), (8 bytes).
    Removing stm32f1xx_hal_tim.o(.text.TIM_CCxChannelCmd), (54 bytes).
    Removing stm32f1xx_hal_tim.o(.ARM.exidx.text.TIM_CCxChannelCmd), (8 bytes).
    Removing stm32f1xx_hal_tim.o(.text.HAL_TIM_OC_Stop), (220 bytes).
    Removing stm32f1xx_hal_tim.o(.ARM.exidx.text.HAL_TIM_OC_Stop), (8 bytes).
    Removing stm32f1xx_hal_tim.o(.text.HAL_TIM_OC_Start_IT), (416 bytes).
    Removing stm32f1xx_hal_tim.o(.ARM.exidx.text.HAL_TIM_OC_Start_IT), (8 bytes).
    Removing stm32f1xx_hal_tim.o(.text.HAL_TIM_OC_Stop_IT), (306 bytes).
    Removing stm32f1xx_hal_tim.o(.ARM.exidx.text.HAL_TIM_OC_Stop_IT), (8 bytes).
    Removing stm32f1xx_hal_tim.o(.text.HAL_TIM_OC_Start_DMA), (810 bytes).
    Removing stm32f1xx_hal_tim.o(.ARM.exidx.text.HAL_TIM_OC_Start_DMA), (8 bytes).
    Removing stm32f1xx_hal_tim.o(.text.TIM_DMADelayPulseCplt), (180 bytes).
    Removing stm32f1xx_hal_tim.o(.ARM.exidx.text.TIM_DMADelayPulseCplt), (8 bytes).
    Removing stm32f1xx_hal_tim.o(.text.TIM_DMADelayPulseHalfCplt), (116 bytes).
    Removing stm32f1xx_hal_tim.o(.ARM.exidx.text.TIM_DMADelayPulseHalfCplt), (8 bytes).
    Removing stm32f1xx_hal_tim.o(.text.HAL_TIM_OC_Stop_DMA), (338 bytes).
    Removing stm32f1xx_hal_tim.o(.ARM.exidx.text.HAL_TIM_OC_Stop_DMA), (8 bytes).
    Removing stm32f1xx_hal_tim.o(.text.HAL_TIM_PWM_Init), (124 bytes).
    Removing stm32f1xx_hal_tim.o(.ARM.exidx.text.HAL_TIM_PWM_Init), (8 bytes).
    Removing stm32f1xx_hal_tim.o(.text.HAL_TIM_PWM_MspInit), (8 bytes).
    Removing stm32f1xx_hal_tim.o(.ARM.exidx.text.HAL_TIM_PWM_MspInit), (8 bytes).
    Removing stm32f1xx_hal_tim.o(.text.HAL_TIM_PWM_DeInit), (142 bytes).
    Removing stm32f1xx_hal_tim.o(.ARM.exidx.text.HAL_TIM_PWM_DeInit), (8 bytes).
    Removing stm32f1xx_hal_tim.o(.text.HAL_TIM_PWM_MspDeInit), (8 bytes).
    Removing stm32f1xx_hal_tim.o(.ARM.exidx.text.HAL_TIM_PWM_MspDeInit), (8 bytes).
    Removing stm32f1xx_hal_tim.o(.text.HAL_TIM_PWM_Start), (330 bytes).
    Removing stm32f1xx_hal_tim.o(.ARM.exidx.text.HAL_TIM_PWM_Start), (8 bytes).
    Removing stm32f1xx_hal_tim.o(.text.HAL_TIM_PWM_Stop), (220 bytes).
    Removing stm32f1xx_hal_tim.o(.ARM.exidx.text.HAL_TIM_PWM_Stop), (8 bytes).
    Removing stm32f1xx_hal_tim.o(.text.HAL_TIM_PWM_Start_IT), (416 bytes).
    Removing stm32f1xx_hal_tim.o(.ARM.exidx.text.HAL_TIM_PWM_Start_IT), (8 bytes).
    Removing stm32f1xx_hal_tim.o(.text.HAL_TIM_PWM_Stop_IT), (306 bytes).
    Removing stm32f1xx_hal_tim.o(.ARM.exidx.text.HAL_TIM_PWM_Stop_IT), (8 bytes).
    Removing stm32f1xx_hal_tim.o(.text.HAL_TIM_PWM_Start_DMA), (810 bytes).
    Removing stm32f1xx_hal_tim.o(.ARM.exidx.text.HAL_TIM_PWM_Start_DMA), (8 bytes).
    Removing stm32f1xx_hal_tim.o(.text.HAL_TIM_PWM_Stop_DMA), (338 bytes).
    Removing stm32f1xx_hal_tim.o(.ARM.exidx.text.HAL_TIM_PWM_Stop_DMA), (8 bytes).
    Removing stm32f1xx_hal_tim.o(.text.HAL_TIM_IC_Init), (124 bytes).
    Removing stm32f1xx_hal_tim.o(.ARM.exidx.text.HAL_TIM_IC_Init), (8 bytes).
    Removing stm32f1xx_hal_tim.o(.text.HAL_TIM_IC_MspInit), (8 bytes).
    Removing stm32f1xx_hal_tim.o(.ARM.exidx.text.HAL_TIM_IC_MspInit), (8 bytes).
    Removing stm32f1xx_hal_tim.o(.text.HAL_TIM_IC_DeInit), (142 bytes).
    Removing stm32f1xx_hal_tim.o(.ARM.exidx.text.HAL_TIM_IC_DeInit), (8 bytes).
    Removing stm32f1xx_hal_tim.o(.text.HAL_TIM_IC_MspDeInit), (8 bytes).
    Removing stm32f1xx_hal_tim.o(.ARM.exidx.text.HAL_TIM_IC_MspDeInit), (8 bytes).
    Removing stm32f1xx_hal_tim.o(.text.HAL_TIM_IC_Start), (450 bytes).
    Removing stm32f1xx_hal_tim.o(.ARM.exidx.text.HAL_TIM_IC_Start), (8 bytes).
    Removing stm32f1xx_hal_tim.o(.text.HAL_TIM_IC_Stop), (218 bytes).
    Removing stm32f1xx_hal_tim.o(.ARM.exidx.text.HAL_TIM_IC_Stop), (8 bytes).
    Removing stm32f1xx_hal_tim.o(.text.HAL_TIM_IC_Start_IT), (536 bytes).
    Removing stm32f1xx_hal_tim.o(.ARM.exidx.text.HAL_TIM_IC_Start_IT), (8 bytes).
    Removing stm32f1xx_hal_tim.o(.text.HAL_TIM_IC_Stop_IT), (304 bytes).
    Removing stm32f1xx_hal_tim.o(.ARM.exidx.text.HAL_TIM_IC_Stop_IT), (8 bytes).
    Removing stm32f1xx_hal_tim.o(.text.HAL_TIM_IC_Start_DMA), (872 bytes).
    Removing stm32f1xx_hal_tim.o(.ARM.exidx.text.HAL_TIM_IC_Start_DMA), (8 bytes).
    Removing stm32f1xx_hal_tim.o(.text.TIM_DMACaptureCplt), (196 bytes).
    Removing stm32f1xx_hal_tim.o(.ARM.exidx.text.TIM_DMACaptureCplt), (8 bytes).
    Removing stm32f1xx_hal_tim.o(.text.TIM_DMACaptureHalfCplt), (116 bytes).
    Removing stm32f1xx_hal_tim.o(.ARM.exidx.text.TIM_DMACaptureHalfCplt), (8 bytes).
    Removing stm32f1xx_hal_tim.o(.text.HAL_TIM_IC_Stop_DMA), (336 bytes).
    Removing stm32f1xx_hal_tim.o(.ARM.exidx.text.HAL_TIM_IC_Stop_DMA), (8 bytes).
    Removing stm32f1xx_hal_tim.o(.text.HAL_TIM_OnePulse_Init), (120 bytes).
    Removing stm32f1xx_hal_tim.o(.ARM.exidx.text.HAL_TIM_OnePulse_Init), (8 bytes).
    Removing stm32f1xx_hal_tim.o(.text.HAL_TIM_OnePulse_MspInit), (8 bytes).
    Removing stm32f1xx_hal_tim.o(.ARM.exidx.text.HAL_TIM_OnePulse_MspInit), (8 bytes).
    Removing stm32f1xx_hal_tim.o(.text.HAL_TIM_OnePulse_DeInit), (112 bytes).
    Removing stm32f1xx_hal_tim.o(.ARM.exidx.text.HAL_TIM_OnePulse_DeInit), (8 bytes).
    Removing stm32f1xx_hal_tim.o(.text.HAL_TIM_OnePulse_MspDeInit), (8 bytes).
    Removing stm32f1xx_hal_tim.o(.ARM.exidx.text.HAL_TIM_OnePulse_MspDeInit), (8 bytes).
    Removing stm32f1xx_hal_tim.o(.text.HAL_TIM_OnePulse_Start), (158 bytes).
    Removing stm32f1xx_hal_tim.o(.ARM.exidx.text.HAL_TIM_OnePulse_Start), (8 bytes).
    Removing stm32f1xx_hal_tim.o(.text.HAL_TIM_OnePulse_Stop), (182 bytes).
    Removing stm32f1xx_hal_tim.o(.ARM.exidx.text.HAL_TIM_OnePulse_Stop), (8 bytes).
    Removing stm32f1xx_hal_tim.o(.text.HAL_TIM_OnePulse_Start_IT), (182 bytes).
    Removing stm32f1xx_hal_tim.o(.ARM.exidx.text.HAL_TIM_OnePulse_Start_IT), (8 bytes).
    Removing stm32f1xx_hal_tim.o(.text.HAL_TIM_OnePulse_Stop_IT), (206 bytes).
    Removing stm32f1xx_hal_tim.o(.ARM.exidx.text.HAL_TIM_OnePulse_Stop_IT), (8 bytes).
    Removing stm32f1xx_hal_tim.o(.text.HAL_TIM_Encoder_Init), (272 bytes).
    Removing stm32f1xx_hal_tim.o(.ARM.exidx.text.HAL_TIM_Encoder_Init), (8 bytes).
    Removing stm32f1xx_hal_tim.o(.text.HAL_TIM_Encoder_MspInit), (8 bytes).
    Removing stm32f1xx_hal_tim.o(.ARM.exidx.text.HAL_TIM_Encoder_MspInit), (8 bytes).
    Removing stm32f1xx_hal_tim.o(.text.HAL_TIM_Encoder_DeInit), (112 bytes).
    Removing stm32f1xx_hal_tim.o(.ARM.exidx.text.HAL_TIM_Encoder_DeInit), (8 bytes).
    Removing stm32f1xx_hal_tim.o(.text.HAL_TIM_Encoder_MspDeInit), (8 bytes).
    Removing stm32f1xx_hal_tim.o(.ARM.exidx.text.HAL_TIM_Encoder_MspDeInit), (8 bytes).
    Removing stm32f1xx_hal_tim.o(.text.HAL_TIM_Encoder_Start), (276 bytes).
    Removing stm32f1xx_hal_tim.o(.ARM.exidx.text.HAL_TIM_Encoder_Start), (8 bytes).
    Removing stm32f1xx_hal_tim.o(.text.HAL_TIM_Encoder_Stop), (314 bytes).
    Removing stm32f1xx_hal_tim.o(.ARM.exidx.text.HAL_TIM_Encoder_Stop), (8 bytes).
    Removing stm32f1xx_hal_tim.o(.text.HAL_TIM_Encoder_Start_IT), (324 bytes).
    Removing stm32f1xx_hal_tim.o(.ARM.exidx.text.HAL_TIM_Encoder_Start_IT), (8 bytes).
    Removing stm32f1xx_hal_tim.o(.text.HAL_TIM_Encoder_Stop_IT), (362 bytes).
    Removing stm32f1xx_hal_tim.o(.ARM.exidx.text.HAL_TIM_Encoder_Stop_IT), (8 bytes).
    Removing stm32f1xx_hal_tim.o(.text.HAL_TIM_Encoder_Start_DMA), (812 bytes).
    Removing stm32f1xx_hal_tim.o(.ARM.exidx.text.HAL_TIM_Encoder_Start_DMA), (8 bytes).
    Removing stm32f1xx_hal_tim.o(.text.HAL_TIM_Encoder_Stop_DMA), (394 bytes).
    Removing stm32f1xx_hal_tim.o(.ARM.exidx.text.HAL_TIM_Encoder_Stop_DMA), (8 bytes).
    Removing stm32f1xx_hal_tim.o(.text.HAL_TIM_IRQHandler), (634 bytes).
    Removing stm32f1xx_hal_tim.o(.ARM.exidx.text.HAL_TIM_IRQHandler), (8 bytes).
    Removing stm32f1xx_hal_tim.o(.text.HAL_TIM_IC_CaptureCallback), (8 bytes).
    Removing stm32f1xx_hal_tim.o(.ARM.exidx.text.HAL_TIM_IC_CaptureCallback), (8 bytes).
    Removing stm32f1xx_hal_tim.o(.text.HAL_TIM_OC_DelayElapsedCallback), (8 bytes).
    Removing stm32f1xx_hal_tim.o(.ARM.exidx.text.HAL_TIM_OC_DelayElapsedCallback), (8 bytes).
    Removing stm32f1xx_hal_tim.o(.text.HAL_TIM_PWM_PulseFinishedCallback), (8 bytes).
    Removing stm32f1xx_hal_tim.o(.ARM.exidx.text.HAL_TIM_PWM_PulseFinishedCallback), (8 bytes).
    Removing stm32f1xx_hal_tim.o(.text.HAL_TIM_PeriodElapsedCallback), (8 bytes).
    Removing stm32f1xx_hal_tim.o(.ARM.exidx.text.HAL_TIM_PeriodElapsedCallback), (8 bytes).
    Removing stm32f1xx_hal_tim.o(.text.HAL_TIM_TriggerCallback), (8 bytes).
    Removing stm32f1xx_hal_tim.o(.ARM.exidx.text.HAL_TIM_TriggerCallback), (8 bytes).
    Removing stm32f1xx_hal_tim.o(.text.HAL_TIM_OC_ConfigChannel), (138 bytes).
    Removing stm32f1xx_hal_tim.o(.ARM.exidx.text.HAL_TIM_OC_ConfigChannel), (8 bytes).
    Removing stm32f1xx_hal_tim.o(.text.TIM_OC1_SetConfig), (206 bytes).
    Removing stm32f1xx_hal_tim.o(.ARM.exidx.text.TIM_OC1_SetConfig), (8 bytes).
    Removing stm32f1xx_hal_tim.o(.text.TIM_OC2_SetConfig), (216 bytes).
    Removing stm32f1xx_hal_tim.o(.ARM.exidx.text.TIM_OC2_SetConfig), (8 bytes).
    Removing stm32f1xx_hal_tim.o(.text.TIM_OC3_SetConfig), (214 bytes).
    Removing stm32f1xx_hal_tim.o(.ARM.exidx.text.TIM_OC3_SetConfig), (8 bytes).
    Removing stm32f1xx_hal_tim.o(.text.TIM_OC4_SetConfig), (150 bytes).
    Removing stm32f1xx_hal_tim.o(.ARM.exidx.text.TIM_OC4_SetConfig), (8 bytes).
    Removing stm32f1xx_hal_tim.o(.text.HAL_TIM_IC_ConfigChannel), (266 bytes).
    Removing stm32f1xx_hal_tim.o(.ARM.exidx.text.HAL_TIM_IC_ConfigChannel), (8 bytes).
    Removing stm32f1xx_hal_tim.o(.text.TIM_TI1_SetConfig), (200 bytes).
    Removing stm32f1xx_hal_tim.o(.ARM.exidx.text.TIM_TI1_SetConfig), (8 bytes).
    Removing stm32f1xx_hal_tim.o(.text.TIM_TI2_SetConfig), (108 bytes).
    Removing stm32f1xx_hal_tim.o(.ARM.exidx.text.TIM_TI2_SetConfig), (8 bytes).
    Removing stm32f1xx_hal_tim.o(.text.TIM_TI3_SetConfig), (106 bytes).
    Removing stm32f1xx_hal_tim.o(.ARM.exidx.text.TIM_TI3_SetConfig), (8 bytes).
    Removing stm32f1xx_hal_tim.o(.text.TIM_TI4_SetConfig), (108 bytes).
    Removing stm32f1xx_hal_tim.o(.ARM.exidx.text.TIM_TI4_SetConfig), (8 bytes).
    Removing stm32f1xx_hal_tim.o(.text.HAL_TIM_PWM_ConfigChannel), (296 bytes).
    Removing stm32f1xx_hal_tim.o(.ARM.exidx.text.HAL_TIM_PWM_ConfigChannel), (8 bytes).
    Removing stm32f1xx_hal_tim.o(.text.HAL_TIM_OnePulse_ConfigChannel), (344 bytes).
    Removing stm32f1xx_hal_tim.o(.ARM.exidx.text.HAL_TIM_OnePulse_ConfigChannel), (8 bytes).
    Removing stm32f1xx_hal_tim.o(.text.HAL_TIM_DMABurst_WriteStart), (54 bytes).
    Removing stm32f1xx_hal_tim.o(.ARM.exidx.text.HAL_TIM_DMABurst_WriteStart), (8 bytes).
    Removing stm32f1xx_hal_tim.o(.text.HAL_TIM_DMABurst_MultiWriteStart), (684 bytes).
    Removing stm32f1xx_hal_tim.o(.ARM.exidx.text.HAL_TIM_DMABurst_MultiWriteStart), (8 bytes).
    Removing stm32f1xx_hal_tim.o(.text.TIM_DMATriggerCplt), (40 bytes).
    Removing stm32f1xx_hal_tim.o(.ARM.exidx.text.TIM_DMATriggerCplt), (8 bytes).
    Removing stm32f1xx_hal_tim.o(.text.TIM_DMATriggerHalfCplt), (22 bytes).
    Removing stm32f1xx_hal_tim.o(.ARM.exidx.text.TIM_DMATriggerHalfCplt), (8 bytes).
    Removing stm32f1xx_hal_tim.o(.text.HAL_TIM_DMABurst_WriteStop), (176 bytes).
    Removing stm32f1xx_hal_tim.o(.ARM.exidx.text.HAL_TIM_DMABurst_WriteStop), (8 bytes).
    Removing stm32f1xx_hal_tim.o(.text.HAL_TIM_DMABurst_ReadStart), (54 bytes).
    Removing stm32f1xx_hal_tim.o(.ARM.exidx.text.HAL_TIM_DMABurst_ReadStart), (8 bytes).
    Removing stm32f1xx_hal_tim.o(.text.HAL_TIM_DMABurst_MultiReadStart), (684 bytes).
    Removing stm32f1xx_hal_tim.o(.ARM.exidx.text.HAL_TIM_DMABurst_MultiReadStart), (8 bytes).
    Removing stm32f1xx_hal_tim.o(.text.HAL_TIM_DMABurst_ReadStop), (176 bytes).
    Removing stm32f1xx_hal_tim.o(.ARM.exidx.text.HAL_TIM_DMABurst_ReadStop), (8 bytes).
    Removing stm32f1xx_hal_tim.o(.text.HAL_TIM_GenerateEvent), (76 bytes).
    Removing stm32f1xx_hal_tim.o(.ARM.exidx.text.HAL_TIM_GenerateEvent), (8 bytes).
    Removing stm32f1xx_hal_tim.o(.text.HAL_TIM_ConfigOCrefClear), (336 bytes).
    Removing stm32f1xx_hal_tim.o(.ARM.exidx.text.HAL_TIM_ConfigOCrefClear), (8 bytes).
    Removing stm32f1xx_hal_tim.o(.ARM.exidx.text.TIM_ETR_SetConfig), (8 bytes).
    Removing stm32f1xx_hal_tim.o(.ARM.exidx.text.HAL_TIM_ConfigClockSource), (8 bytes).
    Removing stm32f1xx_hal_tim.o(.ARM.exidx.text.TIM_TI1_ConfigInputStage), (8 bytes).
    Removing stm32f1xx_hal_tim.o(.ARM.exidx.text.TIM_ITRx_SetConfig), (8 bytes).
    Removing stm32f1xx_hal_tim.o(.ARM.exidx.text.TIM_TI2_ConfigInputStage), (8 bytes).
    Removing stm32f1xx_hal_tim.o(.text.HAL_TIM_ConfigTI1Input), (44 bytes).
    Removing stm32f1xx_hal_tim.o(.ARM.exidx.text.HAL_TIM_ConfigTI1Input), (8 bytes).
    Removing stm32f1xx_hal_tim.o(.text.HAL_TIM_SlaveConfigSynchro), (128 bytes).
    Removing stm32f1xx_hal_tim.o(.ARM.exidx.text.HAL_TIM_SlaveConfigSynchro), (8 bytes).
    Removing stm32f1xx_hal_tim.o(.text.TIM_SlaveTimer_SetConfig), (276 bytes).
    Removing stm32f1xx_hal_tim.o(.ARM.exidx.text.TIM_SlaveTimer_SetConfig), (8 bytes).
    Removing stm32f1xx_hal_tim.o(.text.HAL_TIM_SlaveConfigSynchro_IT), (128 bytes).
    Removing stm32f1xx_hal_tim.o(.ARM.exidx.text.HAL_TIM_SlaveConfigSynchro_IT), (8 bytes).
    Removing stm32f1xx_hal_tim.o(.text.HAL_TIM_ReadCapturedValue), (86 bytes).
    Removing stm32f1xx_hal_tim.o(.ARM.exidx.text.HAL_TIM_ReadCapturedValue), (8 bytes).
    Removing stm32f1xx_hal_tim.o(.text.HAL_TIM_PeriodElapsedHalfCpltCallback), (8 bytes).
    Removing stm32f1xx_hal_tim.o(.ARM.exidx.text.HAL_TIM_PeriodElapsedHalfCpltCallback), (8 bytes).
    Removing stm32f1xx_hal_tim.o(.text.HAL_TIM_IC_CaptureHalfCpltCallback), (8 bytes).
    Removing stm32f1xx_hal_tim.o(.ARM.exidx.text.HAL_TIM_IC_CaptureHalfCpltCallback), (8 bytes).
    Removing stm32f1xx_hal_tim.o(.text.HAL_TIM_PWM_PulseFinishedHalfCpltCallback), (8 bytes).
    Removing stm32f1xx_hal_tim.o(.ARM.exidx.text.HAL_TIM_PWM_PulseFinishedHalfCpltCallback), (8 bytes).
    Removing stm32f1xx_hal_tim.o(.text.HAL_TIM_TriggerHalfCpltCallback), (8 bytes).
    Removing stm32f1xx_hal_tim.o(.ARM.exidx.text.HAL_TIM_TriggerHalfCpltCallback), (8 bytes).
    Removing stm32f1xx_hal_tim.o(.text.HAL_TIM_ErrorCallback), (8 bytes).
    Removing stm32f1xx_hal_tim.o(.ARM.exidx.text.HAL_TIM_ErrorCallback), (8 bytes).
    Removing stm32f1xx_hal_tim.o(.text.HAL_TIM_Base_GetState), (12 bytes).
    Removing stm32f1xx_hal_tim.o(.ARM.exidx.text.HAL_TIM_Base_GetState), (8 bytes).
    Removing stm32f1xx_hal_tim.o(.text.HAL_TIM_OC_GetState), (12 bytes).
    Removing stm32f1xx_hal_tim.o(.ARM.exidx.text.HAL_TIM_OC_GetState), (8 bytes).
    Removing stm32f1xx_hal_tim.o(.text.HAL_TIM_PWM_GetState), (12 bytes).
    Removing stm32f1xx_hal_tim.o(.ARM.exidx.text.HAL_TIM_PWM_GetState), (8 bytes).
    Removing stm32f1xx_hal_tim.o(.text.HAL_TIM_IC_GetState), (12 bytes).
    Removing stm32f1xx_hal_tim.o(.ARM.exidx.text.HAL_TIM_IC_GetState), (8 bytes).
    Removing stm32f1xx_hal_tim.o(.text.HAL_TIM_OnePulse_GetState), (12 bytes).
    Removing stm32f1xx_hal_tim.o(.ARM.exidx.text.HAL_TIM_OnePulse_GetState), (8 bytes).
    Removing stm32f1xx_hal_tim.o(.text.HAL_TIM_Encoder_GetState), (12 bytes).
    Removing stm32f1xx_hal_tim.o(.ARM.exidx.text.HAL_TIM_Encoder_GetState), (8 bytes).
    Removing stm32f1xx_hal_tim.o(.text.HAL_TIM_GetActiveChannel), (12 bytes).
    Removing stm32f1xx_hal_tim.o(.ARM.exidx.text.HAL_TIM_GetActiveChannel), (8 bytes).
    Removing stm32f1xx_hal_tim.o(.text.HAL_TIM_GetChannelState), (82 bytes).
    Removing stm32f1xx_hal_tim.o(.ARM.exidx.text.HAL_TIM_GetChannelState), (8 bytes).
    Removing stm32f1xx_hal_tim.o(.text.HAL_TIM_DMABurstState), (12 bytes).
    Removing stm32f1xx_hal_tim.o(.ARM.exidx.text.HAL_TIM_DMABurstState), (8 bytes).
    Removing stm32f1xx_hal_tim_ex.o(.text), (0 bytes).
    Removing stm32f1xx_hal_tim_ex.o(.text.HAL_TIMEx_HallSensor_Init), (256 bytes).
    Removing stm32f1xx_hal_tim_ex.o(.ARM.exidx.text.HAL_TIMEx_HallSensor_Init), (8 bytes).
    Removing stm32f1xx_hal_tim_ex.o(.text.HAL_TIMEx_HallSensor_MspInit), (8 bytes).
    Removing stm32f1xx_hal_tim_ex.o(.ARM.exidx.text.HAL_TIMEx_HallSensor_MspInit), (8 bytes).
    Removing stm32f1xx_hal_tim_ex.o(.text.HAL_TIMEx_HallSensor_DeInit), (112 bytes).
    Removing stm32f1xx_hal_tim_ex.o(.ARM.exidx.text.HAL_TIMEx_HallSensor_DeInit), (8 bytes).
    Removing stm32f1xx_hal_tim_ex.o(.text.HAL_TIMEx_HallSensor_MspDeInit), (8 bytes).
    Removing stm32f1xx_hal_tim_ex.o(.ARM.exidx.text.HAL_TIMEx_HallSensor_MspDeInit), (8 bytes).
    Removing stm32f1xx_hal_tim_ex.o(.text.HAL_TIMEx_HallSensor_Start), (226 bytes).
    Removing stm32f1xx_hal_tim_ex.o(.ARM.exidx.text.HAL_TIMEx_HallSensor_Start), (8 bytes).
    Removing stm32f1xx_hal_tim_ex.o(.text.HAL_TIMEx_HallSensor_Stop), (94 bytes).
    Removing stm32f1xx_hal_tim_ex.o(.ARM.exidx.text.HAL_TIMEx_HallSensor_Stop), (8 bytes).
    Removing stm32f1xx_hal_tim_ex.o(.text.HAL_TIMEx_HallSensor_Start_IT), (238 bytes).
    Removing stm32f1xx_hal_tim_ex.o(.ARM.exidx.text.HAL_TIMEx_HallSensor_Start_IT), (8 bytes).
    Removing stm32f1xx_hal_tim_ex.o(.text.HAL_TIMEx_HallSensor_Stop_IT), (106 bytes).
    Removing stm32f1xx_hal_tim_ex.o(.ARM.exidx.text.HAL_TIMEx_HallSensor_Stop_IT), (8 bytes).
    Removing stm32f1xx_hal_tim_ex.o(.text.HAL_TIMEx_HallSensor_Start_DMA), (326 bytes).
    Removing stm32f1xx_hal_tim_ex.o(.ARM.exidx.text.HAL_TIMEx_HallSensor_Start_DMA), (8 bytes).
    Removing stm32f1xx_hal_tim_ex.o(.text.HAL_TIMEx_HallSensor_Stop_DMA), (106 bytes).
    Removing stm32f1xx_hal_tim_ex.o(.ARM.exidx.text.HAL_TIMEx_HallSensor_Stop_DMA), (8 bytes).
    Removing stm32f1xx_hal_tim_ex.o(.text.HAL_TIMEx_OCN_Start), (310 bytes).
    Removing stm32f1xx_hal_tim_ex.o(.ARM.exidx.text.HAL_TIMEx_OCN_Start), (8 bytes).
    Removing stm32f1xx_hal_tim_ex.o(.text.TIM_CCxNChannelCmd), (54 bytes).
    Removing stm32f1xx_hal_tim_ex.o(.ARM.exidx.text.TIM_CCxNChannelCmd), (8 bytes).
    Removing stm32f1xx_hal_tim_ex.o(.text.HAL_TIMEx_OCN_Stop), (200 bytes).
    Removing stm32f1xx_hal_tim_ex.o(.ARM.exidx.text.HAL_TIMEx_OCN_Stop), (8 bytes).
    Removing stm32f1xx_hal_tim_ex.o(.text.HAL_TIMEx_OCN_Start_IT), (390 bytes).
    Removing stm32f1xx_hal_tim_ex.o(.ARM.exidx.text.HAL_TIMEx_OCN_Start_IT), (8 bytes).
    Removing stm32f1xx_hal_tim_ex.o(.text.HAL_TIMEx_OCN_Stop_IT), (304 bytes).
    Removing stm32f1xx_hal_tim_ex.o(.ARM.exidx.text.HAL_TIMEx_OCN_Stop_IT), (8 bytes).
    Removing stm32f1xx_hal_tim_ex.o(.text.HAL_TIMEx_OCN_Start_DMA), (700 bytes).
    Removing stm32f1xx_hal_tim_ex.o(.ARM.exidx.text.HAL_TIMEx_OCN_Start_DMA), (8 bytes).
    Removing stm32f1xx_hal_tim_ex.o(.text.TIM_DMADelayPulseNCplt), (180 bytes).
    Removing stm32f1xx_hal_tim_ex.o(.ARM.exidx.text.TIM_DMADelayPulseNCplt), (8 bytes).
    Removing stm32f1xx_hal_tim_ex.o(.text.TIM_DMAErrorCCxN), (110 bytes).
    Removing stm32f1xx_hal_tim_ex.o(.ARM.exidx.text.TIM_DMAErrorCCxN), (8 bytes).
    Removing stm32f1xx_hal_tim_ex.o(.text.HAL_TIMEx_OCN_Stop_DMA), (292 bytes).
    Removing stm32f1xx_hal_tim_ex.o(.ARM.exidx.text.HAL_TIMEx_OCN_Stop_DMA), (8 bytes).
    Removing stm32f1xx_hal_tim_ex.o(.text.HAL_TIMEx_PWMN_Start), (310 bytes).
    Removing stm32f1xx_hal_tim_ex.o(.ARM.exidx.text.HAL_TIMEx_PWMN_Start), (8 bytes).
    Removing stm32f1xx_hal_tim_ex.o(.text.HAL_TIMEx_PWMN_Stop), (200 bytes).
    Removing stm32f1xx_hal_tim_ex.o(.ARM.exidx.text.HAL_TIMEx_PWMN_Stop), (8 bytes).
    Removing stm32f1xx_hal_tim_ex.o(.text.HAL_TIMEx_PWMN_Start_IT), (390 bytes).
    Removing stm32f1xx_hal_tim_ex.o(.ARM.exidx.text.HAL_TIMEx_PWMN_Start_IT), (8 bytes).
    Removing stm32f1xx_hal_tim_ex.o(.text.HAL_TIMEx_PWMN_Stop_IT), (304 bytes).
    Removing stm32f1xx_hal_tim_ex.o(.ARM.exidx.text.HAL_TIMEx_PWMN_Stop_IT), (8 bytes).
    Removing stm32f1xx_hal_tim_ex.o(.text.HAL_TIMEx_PWMN_Start_DMA), (700 bytes).
    Removing stm32f1xx_hal_tim_ex.o(.ARM.exidx.text.HAL_TIMEx_PWMN_Start_DMA), (8 bytes).
    Removing stm32f1xx_hal_tim_ex.o(.text.HAL_TIMEx_PWMN_Stop_DMA), (292 bytes).
    Removing stm32f1xx_hal_tim_ex.o(.ARM.exidx.text.HAL_TIMEx_PWMN_Stop_DMA), (8 bytes).
    Removing stm32f1xx_hal_tim_ex.o(.text.HAL_TIMEx_OnePulseN_Start), (148 bytes).
    Removing stm32f1xx_hal_tim_ex.o(.ARM.exidx.text.HAL_TIMEx_OnePulseN_Start), (8 bytes).
    Removing stm32f1xx_hal_tim_ex.o(.text.HAL_TIMEx_OnePulseN_Stop), (174 bytes).
    Removing stm32f1xx_hal_tim_ex.o(.ARM.exidx.text.HAL_TIMEx_OnePulseN_Stop), (8 bytes).
    Removing stm32f1xx_hal_tim_ex.o(.text.HAL_TIMEx_OnePulseN_Start_IT), (172 bytes).
    Removing stm32f1xx_hal_tim_ex.o(.ARM.exidx.text.HAL_TIMEx_OnePulseN_Start_IT), (8 bytes).
    Removing stm32f1xx_hal_tim_ex.o(.text.HAL_TIMEx_OnePulseN_Stop_IT), (198 bytes).
    Removing stm32f1xx_hal_tim_ex.o(.ARM.exidx.text.HAL_TIMEx_OnePulseN_Stop_IT), (8 bytes).
    Removing stm32f1xx_hal_tim_ex.o(.text.HAL_TIMEx_ConfigCommutEvent), (174 bytes).
    Removing stm32f1xx_hal_tim_ex.o(.ARM.exidx.text.HAL_TIMEx_ConfigCommutEvent), (8 bytes).
    Removing stm32f1xx_hal_tim_ex.o(.text.HAL_TIMEx_ConfigCommutEvent_IT), (174 bytes).
    Removing stm32f1xx_hal_tim_ex.o(.ARM.exidx.text.HAL_TIMEx_ConfigCommutEvent_IT), (8 bytes).
    Removing stm32f1xx_hal_tim_ex.o(.text.HAL_TIMEx_ConfigCommutEvent_DMA), (216 bytes).
    Removing stm32f1xx_hal_tim_ex.o(.ARM.exidx.text.HAL_TIMEx_ConfigCommutEvent_DMA), (8 bytes).
    Removing stm32f1xx_hal_tim_ex.o(.text.TIMEx_DMACommutationCplt), (28 bytes).
    Removing stm32f1xx_hal_tim_ex.o(.ARM.exidx.text.TIMEx_DMACommutationCplt), (8 bytes).
    Removing stm32f1xx_hal_tim_ex.o(.text.TIMEx_DMACommutationHalfCplt), (28 bytes).
    Removing stm32f1xx_hal_tim_ex.o(.ARM.exidx.text.TIMEx_DMACommutationHalfCplt), (8 bytes).
    Removing stm32f1xx_hal_tim_ex.o(.ARM.exidx.text.HAL_TIMEx_MasterConfigSynchronization), (8 bytes).
    Removing stm32f1xx_hal_tim_ex.o(.text.HAL_TIMEx_ConfigBreakDeadTime), (166 bytes).
    Removing stm32f1xx_hal_tim_ex.o(.ARM.exidx.text.HAL_TIMEx_ConfigBreakDeadTime), (8 bytes).
    Removing stm32f1xx_hal_tim_ex.o(.text.HAL_TIMEx_RemapConfig), (12 bytes).
    Removing stm32f1xx_hal_tim_ex.o(.ARM.exidx.text.HAL_TIMEx_RemapConfig), (8 bytes).
    Removing stm32f1xx_hal_tim_ex.o(.text.HAL_TIMEx_CommutCallback), (8 bytes).
    Removing stm32f1xx_hal_tim_ex.o(.ARM.exidx.text.HAL_TIMEx_CommutCallback), (8 bytes).
    Removing stm32f1xx_hal_tim_ex.o(.text.HAL_TIMEx_CommutHalfCpltCallback), (8 bytes).
    Removing stm32f1xx_hal_tim_ex.o(.ARM.exidx.text.HAL_TIMEx_CommutHalfCpltCallback), (8 bytes).
    Removing stm32f1xx_hal_tim_ex.o(.text.HAL_TIMEx_BreakCallback), (8 bytes).
    Removing stm32f1xx_hal_tim_ex.o(.ARM.exidx.text.HAL_TIMEx_BreakCallback), (8 bytes).
    Removing stm32f1xx_hal_tim_ex.o(.text.HAL_TIMEx_HallSensor_GetState), (12 bytes).
    Removing stm32f1xx_hal_tim_ex.o(.ARM.exidx.text.HAL_TIMEx_HallSensor_GetState), (8 bytes).
    Removing stm32f1xx_hal_tim_ex.o(.text.HAL_TIMEx_GetChannelNState), (82 bytes).
    Removing stm32f1xx_hal_tim_ex.o(.ARM.exidx.text.HAL_TIMEx_GetChannelNState), (8 bytes).
    Removing system_stm32f1xx.o(.text), (0 bytes).
    Removing system_stm32f1xx.o(.ARM.exidx.text.SystemInit), (8 bytes).
    Removing system_stm32f1xx.o(.text.SystemCoreClockUpdate), (290 bytes).
    Removing system_stm32f1xx.o(.ARM.exidx.text.SystemCoreClockUpdate), (8 bytes).
    Removing system_stm32f1xx.o(.rodata.APBPrescTable), (8 bytes).
    Removing fmul.o(.text), (100 bytes).
    Removing fdiv.o(.text), (124 bytes).
    Removing fcmple.o(.text), (28 bytes).
    Removing fcmpge.o(.text), (28 bytes).
    Removing fflti.o(.text), (18 bytes).
    Removing ffixi.o(.text), (50 bytes).
    Removing ffixui.o(.text), (40 bytes).
    Removing fepilogue.o(.text), (110 bytes).

925 unused section(s) (total 76158 bytes) removed from the image.

==============================================================================

Image Symbol Table

    Local Symbols

    Symbol Name                              Value     Ov Type        Size  Object(Section)

    ../clib/microlib/init/entry.s            0x00000000   Number         0  entry.o ABSOLUTE
    ../clib/microlib/init/entry.s            0x00000000   Number         0  entry2.o ABSOLUTE
    ../clib/microlib/init/entry.s            0x00000000   Number         0  entry5.o ABSOLUTE
    ../clib/microlib/init/entry.s            0x00000000   Number         0  entry7a.o ABSOLUTE
    ../clib/microlib/init/entry.s            0x00000000   Number         0  entry7b.o ABSOLUTE
    ../clib/microlib/init/entry.s            0x00000000   Number         0  entry8a.o ABSOLUTE
    ../clib/microlib/init/entry.s            0x00000000   Number         0  entry8b.o ABSOLUTE
    ../clib/microlib/init/entry.s            0x00000000   Number         0  entry9a.o ABSOLUTE
    ../clib/microlib/init/entry.s            0x00000000   Number         0  entry9b.o ABSOLUTE
    ../clib/microlib/init/entry.s            0x00000000   Number         0  entry10a.o ABSOLUTE
    ../clib/microlib/init/entry.s            0x00000000   Number         0  entry10b.o ABSOLUTE
    ../clib/microlib/init/entry.s            0x00000000   Number         0  entry11a.o ABSOLUTE
    ../clib/microlib/init/entry.s            0x00000000   Number         0  entry11b.o ABSOLUTE
    ../clib/microlib/stdlib/abs.c            0x00000000   Number         0  siabs.o ABSOLUTE
    ../clib/microlib/stdlib/abs.c            0x00000000   Number         0  ilabs.o ABSOLUTE
    ../clib/microlib/string/memset.c         0x00000000   Number         0  memseta.o ABSOLUTE
    ../clib/microlib/stubs.s                 0x00000000   Number         0  iusefp.o ABSOLUTE
    ../fplib/microlib/fpcmp.c                0x00000000   Number         0  fcmple.o ABSOLUTE
    ../fplib/microlib/fpcmp.c                0x00000000   Number         0  fcmpge.o ABSOLUTE
    ../fplib/microlib/fpdiv.c                0x00000000   Number         0  fdiv.o ABSOLUTE
    ../fplib/microlib/fpepilogue.c           0x00000000   Number         0  fepilogue.o ABSOLUTE
    ../fplib/microlib/fpfix.c                0x00000000   Number         0  ffixi.o ABSOLUTE
    ../fplib/microlib/fpfix.c                0x00000000   Number         0  ffixui.o ABSOLUTE
    ../fplib/microlib/fpflt.c                0x00000000   Number         0  fflti.o ABSOLUTE
    ../fplib/microlib/fpmul.c                0x00000000   Number         0  fmul.o ABSOLUTE
    Buzzer.c                                 0x00000000   Number         0  buzzer.o ABSOLUTE
    GFX_FUNCTIONS.c                          0x00000000   Number         0  gfx_functions.o ABSOLUTE
    dc.s                                     0x00000000   Number         0  dc.o ABSOLUTE
    dwt.c                                    0x00000000   Number         0  dwt.o ABSOLUTE
    fonts.c                                  0x00000000   Number         0  fonts.o ABSOLUTE
    handlers.s                               0x00000000   Number         0  handlers.o ABSOLUTE
    init.s                                   0x00000000   Number         0  init.o ABSOLUTE
    main.c                                   0x00000000   Number         0  main.o ABSOLUTE
    st7735.c                                 0x00000000   Number         0  st7735.o ABSOLUTE
    startup_stm32f103xb.s                    0x00000000   Number         0  startup_stm32f103xb.o ABSOLUTE
    stm32f1xx_hal.c                          0x00000000   Number         0  stm32f1xx_hal.o ABSOLUTE
    stm32f1xx_hal_adc.c                      0x00000000   Number         0  stm32f1xx_hal_adc.o ABSOLUTE
    stm32f1xx_hal_adc_ex.c                   0x00000000   Number         0  stm32f1xx_hal_adc_ex.o ABSOLUTE
    stm32f1xx_hal_cortex.c                   0x00000000   Number         0  stm32f1xx_hal_cortex.o ABSOLUTE
    stm32f1xx_hal_dma.c                      0x00000000   Number         0  stm32f1xx_hal_dma.o ABSOLUTE
    stm32f1xx_hal_exti.c                     0x00000000   Number         0  stm32f1xx_hal_exti.o ABSOLUTE
    stm32f1xx_hal_flash.c                    0x00000000   Number         0  stm32f1xx_hal_flash.o ABSOLUTE
    stm32f1xx_hal_flash_ex.c                 0x00000000   Number         0  stm32f1xx_hal_flash_ex.o ABSOLUTE
    stm32f1xx_hal_gpio.c                     0x00000000   Number         0  stm32f1xx_hal_gpio.o ABSOLUTE
    stm32f1xx_hal_gpio_ex.c                  0x00000000   Number         0  stm32f1xx_hal_gpio_ex.o ABSOLUTE
    stm32f1xx_hal_msp.c                      0x00000000   Number         0  stm32f1xx_hal_msp.o ABSOLUTE
    stm32f1xx_hal_pwr.c                      0x00000000   Number         0  stm32f1xx_hal_pwr.o ABSOLUTE
    stm32f1xx_hal_rcc.c                      0x00000000   Number         0  stm32f1xx_hal_rcc.o ABSOLUTE
    stm32f1xx_hal_rcc_ex.c                   0x00000000   Number         0  stm32f1xx_hal_rcc_ex.o ABSOLUTE
    stm32f1xx_hal_spi.c                      0x00000000   Number         0  stm32f1xx_hal_spi.o ABSOLUTE
    stm32f1xx_hal_tim.c                      0x00000000   Number         0  stm32f1xx_hal_tim.o ABSOLUTE
    stm32f1xx_hal_tim_ex.c                   0x00000000   Number         0  stm32f1xx_hal_tim_ex.o ABSOLUTE
    stm32f1xx_it.c                           0x00000000   Number         0  stm32f1xx_it.o ABSOLUTE
    system_stm32f1xx.c                       0x00000000   Number         0  system_stm32f1xx.o ABSOLUTE
    RESET                                    0x08000000   Section      236  startup_stm32f103xb.o(RESET)
    .ARM.Collect$$$$00000000                 0x080000ec   Section        0  entry.o(.ARM.Collect$$$$00000000)
    .ARM.Collect$$$$00000001                 0x080000ec   Section        4  entry2.o(.ARM.Collect$$$$00000001)
    .ARM.Collect$$$$00000004                 0x080000f0   Section        4  entry5.o(.ARM.Collect$$$$00000004)
    .ARM.Collect$$$$00000008                 0x080000f4   Section        0  entry7b.o(.ARM.Collect$$$$00000008)
    .ARM.Collect$$$$0000000A                 0x080000f4   Section        0  entry8b.o(.ARM.Collect$$$$0000000A)
    .ARM.Collect$$$$0000000B                 0x080000f4   Section        8  entry9a.o(.ARM.Collect$$$$0000000B)
    __lit__00000000                          0x080000fc   Data           4  entry2.o(.ARM.Collect$$$$00002712)
    .ARM.Collect$$$$0000000D                 0x080000fc   Section        0  entry10a.o(.ARM.Collect$$$$0000000D)
    .ARM.Collect$$$$0000000F                 0x080000fc   Section        0  entry11a.o(.ARM.Collect$$$$0000000F)
    .ARM.Collect$$$$00002712                 0x080000fc   Section        4  entry2.o(.ARM.Collect$$$$00002712)
    .text                                    0x08000100   Section       36  startup_stm32f103xb.o(.text)
    .text                                    0x08000124   Section        0  memseta.o(.text)
    .text                                    0x08000148   Section       36  init.o(.text)
    [Anonymous Symbol]                       0x0800016c   Section        0  stm32f1xx_it.o(.text.ADC1_2_IRQHandler)
    [Anonymous Symbol]                       0x0800017c   Section        0  stm32f1xx_hal_adc.o(.text.ADC_ConversionStop_Disable)
    [Anonymous Symbol]                       0x080001f8   Section        0  stm32f1xx_hal_adc.o(.text.ADC_Enable)
    [Anonymous Symbol]                       0x080002ac   Section        0  stm32f1xx_it.o(.text.BusFault_Handler)
    [Anonymous Symbol]                       0x080002b0   Section        0  stm32f1xx_it.o(.text.DebugMon_Handler)
    [Anonymous Symbol]                       0x080002b4   Section        0  stm32f1xx_it.o(.text.EXTI9_5_IRQHandler)
    [Anonymous Symbol]                       0x080002c0   Section        0  main.o(.text.Error_Handler)
    [Anonymous Symbol]                       0x080002d0   Section        0  stm32f1xx_hal_adc_ex.o(.text.HAL_ADCEx_InjectedConvCpltCallback)
    [Anonymous Symbol]                       0x080002d8   Section        0  stm32f1xx_hal_adc.o(.text.HAL_ADC_ConfigChannel)
    [Anonymous Symbol]                       0x0800047c   Section        0  main.o(.text.HAL_ADC_ConvCpltCallback)
    [Anonymous Symbol]                       0x0800049c   Section        0  stm32f1xx_hal_adc.o(.text.HAL_ADC_GetValue)
    [Anonymous Symbol]                       0x080004ac   Section        0  stm32f1xx_hal_adc.o(.text.HAL_ADC_IRQHandler)
    [Anonymous Symbol]                       0x08000634   Section        0  stm32f1xx_hal_adc.o(.text.HAL_ADC_Init)
    [Anonymous Symbol]                       0x08000834   Section        0  stm32f1xx_hal_adc.o(.text.HAL_ADC_LevelOutOfWindowCallback)
    [Anonymous Symbol]                       0x0800083c   Section        0  stm32f1xx_hal_msp.o(.text.HAL_ADC_MspInit)
    [Anonymous Symbol]                       0x080008c8   Section        0  stm32f1xx_hal_adc.o(.text.HAL_ADC_Start_IT)
    [Anonymous Symbol]                       0x08000a74   Section        0  stm32f1xx_hal.o(.text.HAL_Delay)
    [Anonymous Symbol]                       0x08000ab8   Section        0  stm32f1xx_hal_gpio.o(.text.HAL_GPIO_EXTI_Callback)
    [Anonymous Symbol]                       0x08000ac4   Section        0  stm32f1xx_hal_gpio.o(.text.HAL_GPIO_EXTI_IRQHandler)
    [Anonymous Symbol]                       0x08000afc   Section        0  stm32f1xx_hal_gpio.o(.text.HAL_GPIO_Init)
    [Anonymous Symbol]                       0x08000e1c   Section        0  stm32f1xx_hal_gpio.o(.text.HAL_GPIO_WritePin)
    [Anonymous Symbol]                       0x08000e48   Section        0  stm32f1xx_hal.o(.text.HAL_GetTick)
    [Anonymous Symbol]                       0x08000e54   Section        0  stm32f1xx_hal.o(.text.HAL_IncTick)
    [Anonymous Symbol]                       0x08000e70   Section        0  stm32f1xx_hal.o(.text.HAL_Init)
    [Anonymous Symbol]                       0x08000e9c   Section        0  stm32f1xx_hal.o(.text.HAL_InitTick)
    [Anonymous Symbol]                       0x08000f04   Section        0  stm32f1xx_hal_msp.o(.text.HAL_MspInit)
    [Anonymous Symbol]                       0x08000f68   Section        0  stm32f1xx_hal_cortex.o(.text.HAL_NVIC_EnableIRQ)
    [Anonymous Symbol]                       0x08000f78   Section        0  stm32f1xx_hal_cortex.o(.text.HAL_NVIC_SetPriority)
    [Anonymous Symbol]                       0x08000fa8   Section        0  stm32f1xx_hal_cortex.o(.text.HAL_NVIC_SetPriorityGrouping)
    [Anonymous Symbol]                       0x08000fb8   Section        0  stm32f1xx_hal_rcc_ex.o(.text.HAL_RCCEx_PeriphCLKConfig)
    [Anonymous Symbol]                       0x08001174   Section        0  stm32f1xx_hal_rcc.o(.text.HAL_RCC_ClockConfig)
    [Anonymous Symbol]                       0x080013b8   Section        0  stm32f1xx_hal_rcc.o(.text.HAL_RCC_GetSysClockFreq)
    [Anonymous Symbol]                       0x0800149c   Section        0  stm32f1xx_hal_rcc.o(.text.HAL_RCC_OscConfig)
    [Anonymous Symbol]                       0x08001ae8   Section        0  stm32f1xx_hal_spi.o(.text.HAL_SPI_Init)
    [Anonymous Symbol]                       0x08001bd4   Section        0  stm32f1xx_hal_msp.o(.text.HAL_SPI_MspInit)
    [Anonymous Symbol]                       0x08001c6c   Section        0  stm32f1xx_hal_spi.o(.text.HAL_SPI_Transmit)
    [Anonymous Symbol]                       0x08001ed0   Section        0  stm32f1xx_hal_cortex.o(.text.HAL_SYSTICK_Config)
    [Anonymous Symbol]                       0x08001ee0   Section        0  stm32f1xx_hal_tim_ex.o(.text.HAL_TIMEx_MasterConfigSynchronization)
    [Anonymous Symbol]                       0x08001fac   Section        0  stm32f1xx_hal_tim.o(.text.HAL_TIM_Base_Init)
    [Anonymous Symbol]                       0x08002028   Section        0  stm32f1xx_hal_msp.o(.text.HAL_TIM_Base_MspInit)
    [Anonymous Symbol]                       0x08002064   Section        0  stm32f1xx_hal_tim.o(.text.HAL_TIM_Base_Start)
    [Anonymous Symbol]                       0x08002100   Section        0  stm32f1xx_hal_tim.o(.text.HAL_TIM_ConfigClockSource)
    [Anonymous Symbol]                       0x08002268   Section        0  stm32f1xx_it.o(.text.HardFault_Handler)
    MX_ADC1_Init                             0x0800226d   Thumb Code   104  main.o(.text.MX_ADC1_Init)
    [Anonymous Symbol]                       0x0800226c   Section        0  main.o(.text.MX_ADC1_Init)
    MX_GPIO_Init                             0x080022d5   Thumb Code   258  main.o(.text.MX_GPIO_Init)
    [Anonymous Symbol]                       0x080022d4   Section        0  main.o(.text.MX_GPIO_Init)
    MX_SPI2_Init                             0x080023d9   Thumb Code    78  main.o(.text.MX_SPI2_Init)
    [Anonymous Symbol]                       0x080023d8   Section        0  main.o(.text.MX_SPI2_Init)
    MX_TIM1_Init                             0x08002429   Thumb Code   138  main.o(.text.MX_TIM1_Init)
    [Anonymous Symbol]                       0x08002428   Section        0  main.o(.text.MX_TIM1_Init)
    [Anonymous Symbol]                       0x080024b4   Section        0  stm32f1xx_it.o(.text.MemManage_Handler)
    [Anonymous Symbol]                       0x080024b8   Section        0  stm32f1xx_it.o(.text.NMI_Handler)
    NVIC_EncodePriority                      0x080024bd   Thumb Code   108  stm32f1xx_hal_cortex.o(.text.NVIC_EncodePriority)
    [Anonymous Symbol]                       0x080024bc   Section        0  stm32f1xx_hal_cortex.o(.text.NVIC_EncodePriority)
    [Anonymous Symbol]                       0x08002528   Section        0  stm32f1xx_it.o(.text.PendSV_Handler)
    RCC_Delay                                0x0800252d   Thumb Code    58  stm32f1xx_hal_rcc.o(.text.RCC_Delay)
    [Anonymous Symbol]                       0x0800252c   Section        0  stm32f1xx_hal_rcc.o(.text.RCC_Delay)
    SPI_EndRxTxTransaction                   0x08002569   Thumb Code    60  stm32f1xx_hal_spi.o(.text.SPI_EndRxTxTransaction)
    [Anonymous Symbol]                       0x08002568   Section        0  stm32f1xx_hal_spi.o(.text.SPI_EndRxTxTransaction)
    SPI_WaitFlagStateUntilTimeout            0x080025a5   Thumb Code   284  stm32f1xx_hal_spi.o(.text.SPI_WaitFlagStateUntilTimeout)
    [Anonymous Symbol]                       0x080025a4   Section        0  stm32f1xx_hal_spi.o(.text.SPI_WaitFlagStateUntilTimeout)
    [Anonymous Symbol]                       0x080026c0   Section        0  st7735.o(.text.ST7735_BLK_ON)
    ST7735_ExecuteCommandList                0x080026d9   Thumb Code   178  st7735.o(.text.ST7735_ExecuteCommandList)
    [Anonymous Symbol]                       0x080026d8   Section        0  st7735.o(.text.ST7735_ExecuteCommandList)
    [Anonymous Symbol]                       0x0800278c   Section        0  st7735.o(.text.ST7735_Init)
    ST7735_Reset                             0x080027c5   Thumb Code    44  st7735.o(.text.ST7735_Reset)
    [Anonymous Symbol]                       0x080027c4   Section        0  st7735.o(.text.ST7735_Reset)
    ST7735_Select                            0x080027f1   Thumb Code    22  st7735.o(.text.ST7735_Select)
    [Anonymous Symbol]                       0x080027f0   Section        0  st7735.o(.text.ST7735_Select)
    [Anonymous Symbol]                       0x08002808   Section        0  st7735.o(.text.ST7735_Unselect)
    ST7735_WriteCommand                      0x08002821   Thumb Code    52  st7735.o(.text.ST7735_WriteCommand)
    [Anonymous Symbol]                       0x08002820   Section        0  st7735.o(.text.ST7735_WriteCommand)
    ST7735_WriteData                         0x08002855   Thumb Code    52  st7735.o(.text.ST7735_WriteData)
    [Anonymous Symbol]                       0x08002854   Section        0  st7735.o(.text.ST7735_WriteData)
    [Anonymous Symbol]                       0x08002888   Section        0  stm32f1xx_it.o(.text.SVC_Handler)
    SysTick_Config                           0x0800288d   Thumb Code    82  stm32f1xx_hal_cortex.o(.text.SysTick_Config)
    [Anonymous Symbol]                       0x0800288c   Section        0  stm32f1xx_hal_cortex.o(.text.SysTick_Config)
    [Anonymous Symbol]                       0x080028e0   Section        0  stm32f1xx_it.o(.text.SysTick_Handler)
    [Anonymous Symbol]                       0x080028e8   Section        0  main.o(.text.SystemClock_Config)
    [Anonymous Symbol]                       0x08002978   Section        0  system_stm32f1xx.o(.text.SystemInit)
    [Anonymous Symbol]                       0x0800297c   Section        0  stm32f1xx_hal_tim.o(.text.TIM_Base_SetConfig)
    [Anonymous Symbol]                       0x08002a6c   Section        0  stm32f1xx_hal_tim.o(.text.TIM_ETR_SetConfig)
    TIM_ITRx_SetConfig                       0x08002aa1   Thumb Code    42  stm32f1xx_hal_tim.o(.text.TIM_ITRx_SetConfig)
    [Anonymous Symbol]                       0x08002aa0   Section        0  stm32f1xx_hal_tim.o(.text.TIM_ITRx_SetConfig)
    TIM_TI1_ConfigInputStage                 0x08002acd   Thumb Code    80  stm32f1xx_hal_tim.o(.text.TIM_TI1_ConfigInputStage)
    [Anonymous Symbol]                       0x08002acc   Section        0  stm32f1xx_hal_tim.o(.text.TIM_TI1_ConfigInputStage)
    TIM_TI2_ConfigInputStage                 0x08002b1d   Thumb Code    82  stm32f1xx_hal_tim.o(.text.TIM_TI2_ConfigInputStage)
    [Anonymous Symbol]                       0x08002b1c   Section        0  stm32f1xx_hal_tim.o(.text.TIM_TI2_ConfigInputStage)
    [Anonymous Symbol]                       0x08002b70   Section        0  stm32f1xx_it.o(.text.UsageFault_Handler)
    __NVIC_EnableIRQ                         0x08002b75   Thumb Code    42  stm32f1xx_hal_cortex.o(.text.__NVIC_EnableIRQ)
    [Anonymous Symbol]                       0x08002b74   Section        0  stm32f1xx_hal_cortex.o(.text.__NVIC_EnableIRQ)
    __NVIC_GetPriorityGrouping               0x08002ba1   Thumb Code    16  stm32f1xx_hal_cortex.o(.text.__NVIC_GetPriorityGrouping)
    [Anonymous Symbol]                       0x08002ba0   Section        0  stm32f1xx_hal_cortex.o(.text.__NVIC_GetPriorityGrouping)
    __NVIC_SetPriority                       0x08002bb1   Thumb Code    58  stm32f1xx_hal_cortex.o(.text.__NVIC_SetPriority)
    [Anonymous Symbol]                       0x08002bb0   Section        0  stm32f1xx_hal_cortex.o(.text.__NVIC_SetPriority)
    __NVIC_SetPriorityGrouping               0x08002bed   Thumb Code    60  stm32f1xx_hal_cortex.o(.text.__NVIC_SetPriorityGrouping)
    [Anonymous Symbol]                       0x08002bec   Section        0  stm32f1xx_hal_cortex.o(.text.__NVIC_SetPriorityGrouping)
    [Anonymous Symbol]                       0x08002c28   Section        0  main.o(.text.main)
    i.__scatterload_copy                     0x08002c68   Section       14  handlers.o(i.__scatterload_copy)
    i.__scatterload_null                     0x08002c76   Section        2  handlers.o(i.__scatterload_null)
    i.__scatterload_zeroinit                 0x08002c78   Section       14  handlers.o(i.__scatterload_zeroinit)
    init_cmds1                               0x08002c96   Data          59  st7735.o(.rodata.init_cmds1)
    [Anonymous Symbol]                       0x08002c96   Section        0  st7735.o(.rodata.init_cmds1)
    init_cmds2                               0x08002cd1   Data          13  st7735.o(.rodata.init_cmds2)
    [Anonymous Symbol]                       0x08002cd1   Section        0  st7735.o(.rodata.init_cmds2)
    init_cmds3                               0x08002cde   Data          43  st7735.o(.rodata.init_cmds3)
    [Anonymous Symbol]                       0x08002cde   Section        0  st7735.o(.rodata.init_cmds3)
    STACK                                    0x20000110   Section     1024  startup_stm32f103xb.o(STACK)

    Global Symbols

    Symbol Name                              Value     Ov Type        Size  Object(Section)

    BuildAttributes$$THM_ISAv4$P$D$K$B$S$PE$A:L22UL41UL21$X:L11$S22US41US21$IEEE1$IW$~IW$USESV6$~STKCKD$USESV7$WCHAR32$ENUMINT$~SHL$OTIME$ROPI$EBA8$MICROLIB$REQ8$PRES8$EABIv2 0x00000000   Number         0  anon$$obj.o ABSOLUTE
    __cpp_initialize__aeabi_                  - Undefined Weak Reference
    __cxa_finalize                            - Undefined Weak Reference
    __decompress                              - Undefined Weak Reference
    _clock_init                               - Undefined Weak Reference
    _microlib_exit                            - Undefined Weak Reference
    __Vectors_Size                           0x000000ec   Number         0  startup_stm32f103xb.o ABSOLUTE
    __Vectors                                0x08000000   Data           4  startup_stm32f103xb.o(RESET)
    __Vectors_End                            0x080000ec   Data           0  startup_stm32f103xb.o(RESET)
    __main                                   0x080000ed   Thumb Code     0  entry.o(.ARM.Collect$$$$00000000)
    _main_stk                                0x080000ed   Thumb Code     0  entry2.o(.ARM.Collect$$$$00000001)
    _main_scatterload                        0x080000f1   Thumb Code     0  entry5.o(.ARM.Collect$$$$00000004)
    __main_after_scatterload                 0x080000f5   Thumb Code     0  entry5.o(.ARM.Collect$$$$00000004)
    _main_clock                              0x080000f5   Thumb Code     0  entry7b.o(.ARM.Collect$$$$00000008)
    _main_cpp_init                           0x080000f5   Thumb Code     0  entry8b.o(.ARM.Collect$$$$0000000A)
    _main_init                               0x080000f5   Thumb Code     0  entry9a.o(.ARM.Collect$$$$0000000B)
    __rt_final_cpp                           0x080000fd   Thumb Code     0  entry10a.o(.ARM.Collect$$$$0000000D)
    __rt_final_exit                          0x080000fd   Thumb Code     0  entry11a.o(.ARM.Collect$$$$0000000F)
    Reset_Handler                            0x08000101   Thumb Code     8  startup_stm32f103xb.o(.text)
    CAN1_RX1_IRQHandler                      0x0800011b   Thumb Code     0  startup_stm32f103xb.o(.text)
    CAN1_SCE_IRQHandler                      0x0800011b   Thumb Code     0  startup_stm32f103xb.o(.text)
    DMA1_Channel1_IRQHandler                 0x0800011b   Thumb Code     0  startup_stm32f103xb.o(.text)
    DMA1_Channel2_IRQHandler                 0x0800011b   Thumb Code     0  startup_stm32f103xb.o(.text)
    DMA1_Channel3_IRQHandler                 0x0800011b   Thumb Code     0  startup_stm32f103xb.o(.text)
    DMA1_Channel4_IRQHandler                 0x0800011b   Thumb Code     0  startup_stm32f103xb.o(.text)
    DMA1_Channel5_IRQHandler                 0x0800011b   Thumb Code     0  startup_stm32f103xb.o(.text)
    DMA1_Channel6_IRQHandler                 0x0800011b   Thumb Code     0  startup_stm32f103xb.o(.text)
    DMA1_Channel7_IRQHandler                 0x0800011b   Thumb Code     0  startup_stm32f103xb.o(.text)
    EXTI0_IRQHandler                         0x0800011b   Thumb Code     0  startup_stm32f103xb.o(.text)
    EXTI15_10_IRQHandler                     0x0800011b   Thumb Code     0  startup_stm32f103xb.o(.text)
    EXTI1_IRQHandler                         0x0800011b   Thumb Code     0  startup_stm32f103xb.o(.text)
    EXTI2_IRQHandler                         0x0800011b   Thumb Code     0  startup_stm32f103xb.o(.text)
    EXTI3_IRQHandler                         0x0800011b   Thumb Code     0  startup_stm32f103xb.o(.text)
    EXTI4_IRQHandler                         0x0800011b   Thumb Code     0  startup_stm32f103xb.o(.text)
    FLASH_IRQHandler                         0x0800011b   Thumb Code     0  startup_stm32f103xb.o(.text)
    I2C1_ER_IRQHandler                       0x0800011b   Thumb Code     0  startup_stm32f103xb.o(.text)
    I2C1_EV_IRQHandler                       0x0800011b   Thumb Code     0  startup_stm32f103xb.o(.text)
    I2C2_ER_IRQHandler                       0x0800011b   Thumb Code     0  startup_stm32f103xb.o(.text)
    I2C2_EV_IRQHandler                       0x0800011b   Thumb Code     0  startup_stm32f103xb.o(.text)
    PVD_IRQHandler                           0x0800011b   Thumb Code     0  startup_stm32f103xb.o(.text)
    RCC_IRQHandler                           0x0800011b   Thumb Code     0  startup_stm32f103xb.o(.text)
    RTC_Alarm_IRQHandler                     0x0800011b   Thumb Code     0  startup_stm32f103xb.o(.text)
    RTC_IRQHandler                           0x0800011b   Thumb Code     0  startup_stm32f103xb.o(.text)
    SPI1_IRQHandler                          0x0800011b   Thumb Code     0  startup_stm32f103xb.o(.text)
    SPI2_IRQHandler                          0x0800011b   Thumb Code     0  startup_stm32f103xb.o(.text)
    TAMPER_IRQHandler                        0x0800011b   Thumb Code     0  startup_stm32f103xb.o(.text)
    TIM1_BRK_IRQHandler                      0x0800011b   Thumb Code     0  startup_stm32f103xb.o(.text)
    TIM1_CC_IRQHandler                       0x0800011b   Thumb Code     0  startup_stm32f103xb.o(.text)
    TIM1_TRG_COM_IRQHandler                  0x0800011b   Thumb Code     0  startup_stm32f103xb.o(.text)
    TIM1_UP_IRQHandler                       0x0800011b   Thumb Code     0  startup_stm32f103xb.o(.text)
    TIM2_IRQHandler                          0x0800011b   Thumb Code     0  startup_stm32f103xb.o(.text)
    TIM3_IRQHandler                          0x0800011b   Thumb Code     0  startup_stm32f103xb.o(.text)
    TIM4_IRQHandler                          0x0800011b   Thumb Code     0  startup_stm32f103xb.o(.text)
    USART1_IRQHandler                        0x0800011b   Thumb Code     0  startup_stm32f103xb.o(.text)
    USART2_IRQHandler                        0x0800011b   Thumb Code     0  startup_stm32f103xb.o(.text)
    USART3_IRQHandler                        0x0800011b   Thumb Code     0  startup_stm32f103xb.o(.text)
    USBWakeUp_IRQHandler                     0x0800011b   Thumb Code     0  startup_stm32f103xb.o(.text)
    USB_HP_CAN1_TX_IRQHandler                0x0800011b   Thumb Code     0  startup_stm32f103xb.o(.text)
    USB_LP_CAN1_RX0_IRQHandler               0x0800011b   Thumb Code     0  startup_stm32f103xb.o(.text)
    WWDG_IRQHandler                          0x0800011b   Thumb Code     0  startup_stm32f103xb.o(.text)
    __aeabi_memset                           0x08000125   Thumb Code    14  memseta.o(.text)
    __aeabi_memset4                          0x08000125   Thumb Code     0  memseta.o(.text)
    __aeabi_memset8                          0x08000125   Thumb Code     0  memseta.o(.text)
    __aeabi_memclr                           0x08000133   Thumb Code     4  memseta.o(.text)
    __aeabi_memclr4                          0x08000133   Thumb Code     0  memseta.o(.text)
    __aeabi_memclr8                          0x08000133   Thumb Code     0  memseta.o(.text)
    _memset$wrapper                          0x08000137   Thumb Code    18  memseta.o(.text)
    __scatterload                            0x08000149   Thumb Code    28  init.o(.text)
    __scatterload_rt2                        0x08000149   Thumb Code     0  init.o(.text)
    ADC1_2_IRQHandler                        0x0800016d   Thumb Code    16  stm32f1xx_it.o(.text.ADC1_2_IRQHandler)
    ADC_ConversionStop_Disable               0x0800017d   Thumb Code   124  stm32f1xx_hal_adc.o(.text.ADC_ConversionStop_Disable)
    ADC_Enable                               0x080001f9   Thumb Code   180  stm32f1xx_hal_adc.o(.text.ADC_Enable)
    BusFault_Handler                         0x080002ad   Thumb Code     4  stm32f1xx_it.o(.text.BusFault_Handler)
    DebugMon_Handler                         0x080002b1   Thumb Code     2  stm32f1xx_it.o(.text.DebugMon_Handler)
    EXTI9_5_IRQHandler                       0x080002b5   Thumb Code    10  stm32f1xx_it.o(.text.EXTI9_5_IRQHandler)
    Error_Handler                            0x080002c1   Thumb Code    14  main.o(.text.Error_Handler)
    HAL_ADCEx_InjectedConvCpltCallback       0x080002d1   Thumb Code     8  stm32f1xx_hal_adc_ex.o(.text.HAL_ADCEx_InjectedConvCpltCallback)
    HAL_ADC_ConfigChannel                    0x080002d9   Thumb Code   418  stm32f1xx_hal_adc.o(.text.HAL_ADC_ConfigChannel)
    HAL_ADC_ConvCpltCallback                 0x0800047d   Thumb Code    32  main.o(.text.HAL_ADC_ConvCpltCallback)
    HAL_ADC_GetValue                         0x0800049d   Thumb Code    14  stm32f1xx_hal_adc.o(.text.HAL_ADC_GetValue)
    HAL_ADC_IRQHandler                       0x080004ad   Thumb Code   390  stm32f1xx_hal_adc.o(.text.HAL_ADC_IRQHandler)
    HAL_ADC_Init                             0x08000635   Thumb Code   510  stm32f1xx_hal_adc.o(.text.HAL_ADC_Init)
    HAL_ADC_LevelOutOfWindowCallback         0x08000835   Thumb Code     8  stm32f1xx_hal_adc.o(.text.HAL_ADC_LevelOutOfWindowCallback)
    HAL_ADC_MspInit                          0x0800083d   Thumb Code   140  stm32f1xx_hal_msp.o(.text.HAL_ADC_MspInit)
    HAL_ADC_Start_IT                         0x080008c9   Thumb Code   428  stm32f1xx_hal_adc.o(.text.HAL_ADC_Start_IT)
    HAL_Delay                                0x08000a75   Thumb Code    66  stm32f1xx_hal.o(.text.HAL_Delay)
    HAL_GPIO_EXTI_Callback                   0x08000ab9   Thumb Code    10  stm32f1xx_hal_gpio.o(.text.HAL_GPIO_EXTI_Callback)
    HAL_GPIO_EXTI_IRQHandler                 0x08000ac5   Thumb Code    56  stm32f1xx_hal_gpio.o(.text.HAL_GPIO_EXTI_IRQHandler)
    HAL_GPIO_Init                            0x08000afd   Thumb Code   798  stm32f1xx_hal_gpio.o(.text.HAL_GPIO_Init)
    HAL_GPIO_WritePin                        0x08000e1d   Thumb Code    42  stm32f1xx_hal_gpio.o(.text.HAL_GPIO_WritePin)
    HAL_GetTick                              0x08000e49   Thumb Code    12  stm32f1xx_hal.o(.text.HAL_GetTick)
    HAL_IncTick                              0x08000e55   Thumb Code    26  stm32f1xx_hal.o(.text.HAL_IncTick)
    HAL_Init                                 0x08000e71   Thumb Code    44  stm32f1xx_hal.o(.text.HAL_Init)
    HAL_InitTick                             0x08000e9d   Thumb Code   104  stm32f1xx_hal.o(.text.HAL_InitTick)
    HAL_MspInit                              0x08000f05   Thumb Code   100  stm32f1xx_hal_msp.o(.text.HAL_MspInit)
    HAL_NVIC_EnableIRQ                       0x08000f69   Thumb Code    16  stm32f1xx_hal_cortex.o(.text.HAL_NVIC_EnableIRQ)
    HAL_NVIC_SetPriority                     0x08000f79   Thumb Code    46  stm32f1xx_hal_cortex.o(.text.HAL_NVIC_SetPriority)
    HAL_NVIC_SetPriorityGrouping             0x08000fa9   Thumb Code    16  stm32f1xx_hal_cortex.o(.text.HAL_NVIC_SetPriorityGrouping)
    HAL_RCCEx_PeriphCLKConfig                0x08000fb9   Thumb Code   442  stm32f1xx_hal_rcc_ex.o(.text.HAL_RCCEx_PeriphCLKConfig)
    HAL_RCC_ClockConfig                      0x08001175   Thumb Code   580  stm32f1xx_hal_rcc.o(.text.HAL_RCC_ClockConfig)
    HAL_RCC_GetSysClockFreq                  0x080013b9   Thumb Code   228  stm32f1xx_hal_rcc.o(.text.HAL_RCC_GetSysClockFreq)
    HAL_RCC_OscConfig                        0x0800149d   Thumb Code  1612  stm32f1xx_hal_rcc.o(.text.HAL_RCC_OscConfig)
    HAL_SPI_Init                             0x08001ae9   Thumb Code   234  stm32f1xx_hal_spi.o(.text.HAL_SPI_Init)
    HAL_SPI_MspInit                          0x08001bd5   Thumb Code   152  stm32f1xx_hal_msp.o(.text.HAL_SPI_MspInit)
    HAL_SPI_Transmit                         0x08001c6d   Thumb Code   612  stm32f1xx_hal_spi.o(.text.HAL_SPI_Transmit)
    HAL_SYSTICK_Config                       0x08001ed1   Thumb Code    16  stm32f1xx_hal_cortex.o(.text.HAL_SYSTICK_Config)
    HAL_TIMEx_MasterConfigSynchronization    0x08001ee1   Thumb Code   204  stm32f1xx_hal_tim_ex.o(.text.HAL_TIMEx_MasterConfigSynchronization)
    HAL_TIM_Base_Init                        0x08001fad   Thumb Code   124  stm32f1xx_hal_tim.o(.text.HAL_TIM_Base_Init)
    HAL_TIM_Base_MspInit                     0x08002029   Thumb Code    58  stm32f1xx_hal_msp.o(.text.HAL_TIM_Base_MspInit)
    HAL_TIM_Base_Start                       0x08002065   Thumb Code   154  stm32f1xx_hal_tim.o(.text.HAL_TIM_Base_Start)
    HAL_TIM_ConfigClockSource                0x08002101   Thumb Code   358  stm32f1xx_hal_tim.o(.text.HAL_TIM_ConfigClockSource)
    HardFault_Handler                        0x08002269   Thumb Code     4  stm32f1xx_it.o(.text.HardFault_Handler)
    MemManage_Handler                        0x080024b5   Thumb Code     4  stm32f1xx_it.o(.text.MemManage_Handler)
    NMI_Handler                              0x080024b9   Thumb Code     4  stm32f1xx_it.o(.text.NMI_Handler)
    PendSV_Handler                           0x08002529   Thumb Code     2  stm32f1xx_it.o(.text.PendSV_Handler)
    ST7735_BLK_ON                            0x080026c1   Thumb Code    22  st7735.o(.text.ST7735_BLK_ON)
    ST7735_Init                              0x0800278d   Thumb Code    56  st7735.o(.text.ST7735_Init)
    ST7735_Unselect                          0x08002809   Thumb Code    22  st7735.o(.text.ST7735_Unselect)
    SVC_Handler                              0x08002889   Thumb Code     2  stm32f1xx_it.o(.text.SVC_Handler)
    SysTick_Handler                          0x080028e1   Thumb Code     8  stm32f1xx_it.o(.text.SysTick_Handler)
    SystemClock_Config                       0x080028e9   Thumb Code   144  main.o(.text.SystemClock_Config)
    SystemInit                               0x08002979   Thumb Code     2  system_stm32f1xx.o(.text.SystemInit)
    TIM_Base_SetConfig                       0x0800297d   Thumb Code   240  stm32f1xx_hal_tim.o(.text.TIM_Base_SetConfig)
    TIM_ETR_SetConfig                        0x08002a6d   Thumb Code    52  stm32f1xx_hal_tim.o(.text.TIM_ETR_SetConfig)
    UsageFault_Handler                       0x08002b71   Thumb Code     4  stm32f1xx_it.o(.text.UsageFault_Handler)
    main                                     0x08002c29   Thumb Code    64  main.o(.text.main)
    __scatterload_copy                       0x08002c69   Thumb Code    14  handlers.o(i.__scatterload_copy)
    __scatterload_null                       0x08002c77   Thumb Code     2  handlers.o(i.__scatterload_null)
    __scatterload_zeroinit                   0x08002c79   Thumb Code    14  handlers.o(i.__scatterload_zeroinit)
    AHBPrescTable                            0x08002c86   Data          16  system_stm32f1xx.o(.rodata.AHBPrescTable)
    Region$$Table$$Base                      0x08002d0c   Number         0  anon$$obj.o(Region$$Table)
    Region$$Table$$Limit                     0x08002d2c   Number         0  anon$$obj.o(Region$$Table)
    SystemCoreClock                          0x20000000   Data           4  system_stm32f1xx.o(.data.SystemCoreClock)
    uwTickFreq                               0x20000004   Data           4  stm32f1xx_hal.o(.data.uwTickFreq)
    uwTickPrio                               0x20000008   Data           4  stm32f1xx_hal.o(.data.uwTickPrio)
    adc_val                                  0x20000010   Data           4  main.o(.bss.adc_val)
    hadc1                                    0x20000014   Data          48  main.o(.bss.hadc1)
    hspi2                                    0x20000044   Data          92  main.o(.bss.hspi2)
    htim1                                    0x200000a0   Data         104  main.o(.bss.htim1)
    uwTick                                   0x20000108   Data           4  stm32f1xx_hal.o(.bss.uwTick)
    __initial_sp                             0x20000510   Data           0  startup_stm32f103xb.o(STACK)



==============================================================================

Memory Map of the image

  Image Entry point : 0x080000ed

  Load Region LR_IROM1 (Base: 0x08000000, Size: 0x00002d40, Max: 0x00010000, ABSOLUTE)

    Execution Region ER_IROM1 (Exec base: 0x08000000, Load base: 0x08000000, Size: 0x00002d2c, Max: 0x00010000, ABSOLUTE)

    Exec Addr    Load Addr    Size         Type   Attr      Idx    E Section Name        Object

    0x08000000   0x08000000   0x000000ec   Data   RO            3    RESET               startup_stm32f103xb.o
    0x080000ec   0x080000ec   0x00000000   Code   RO         1164  * .ARM.Collect$$$$00000000  mc_w.l(entry.o)
    0x080000ec   0x080000ec   0x00000004   Code   RO         1187    .ARM.Collect$$$$00000001  mc_w.l(entry2.o)
    0x080000f0   0x080000f0   0x00000004   Code   RO         1190    .ARM.Collect$$$$00000004  mc_w.l(entry5.o)
    0x080000f4   0x080000f4   0x00000000   Code   RO         1192    .ARM.Collect$$$$00000008  mc_w.l(entry7b.o)
    0x080000f4   0x080000f4   0x00000000   Code   RO         1194    .ARM.Collect$$$$0000000A  mc_w.l(entry8b.o)
    0x080000f4   0x080000f4   0x00000008   Code   RO         1195    .ARM.Collect$$$$0000000B  mc_w.l(entry9a.o)
    0x080000fc   0x080000fc   0x00000000   Code   RO         1197    .ARM.Collect$$$$0000000D  mc_w.l(entry10a.o)
    0x080000fc   0x080000fc   0x00000000   Code   RO         1199    .ARM.Collect$$$$0000000F  mc_w.l(entry11a.o)
    0x080000fc   0x080000fc   0x00000004   Code   RO         1188    .ARM.Collect$$$$00002712  mc_w.l(entry2.o)
    0x08000100   0x08000100   0x00000024   Code   RO            4    .text               startup_stm32f103xb.o
    0x08000124   0x08000124   0x00000024   Code   RO         1171    .text               mc_w.l(memseta.o)
    0x08000148   0x08000148   0x00000024   Code   RO         1204    .text               mc_w.l(init.o)
    0x0800016c   0x0800016c   0x00000010   Code   RO          181    .text.ADC1_2_IRQHandler  stm32f1xx_it.o
    0x0800017c   0x0800017c   0x0000007c   Code   RO          230    .text.ADC_ConversionStop_Disable  stm32f1xx_hal_adc.o
    0x080001f8   0x080001f8   0x000000b4   Code   RO          238    .text.ADC_Enable    stm32f1xx_hal_adc.o
    0x080002ac   0x080002ac   0x00000004   Code   RO          169    .text.BusFault_Handler  stm32f1xx_it.o
    0x080002b0   0x080002b0   0x00000002   Code   RO          175    .text.DebugMon_Handler  stm32f1xx_it.o
    0x080002b2   0x080002b2   0x00000002   PAD
    0x080002b4   0x080002b4   0x0000000a   Code   RO          183    .text.EXTI9_5_IRQHandler  stm32f1xx_it.o
    0x080002be   0x080002be   0x00000002   PAD
    0x080002c0   0x080002c0   0x0000000e   Code   RO          149    .text.Error_Handler  main.o
    0x080002ce   0x080002ce   0x00000002   PAD
    0x080002d0   0x080002d0   0x00000008   Code   RO          307    .text.HAL_ADCEx_InjectedConvCpltCallback  stm32f1xx_hal_adc_ex.o
    0x080002d8   0x080002d8   0x000001a2   Code   RO          272    .text.HAL_ADC_ConfigChannel  stm32f1xx_hal_adc.o
    0x0800047a   0x0800047a   0x00000002   PAD
    0x0800047c   0x0800047c   0x00000020   Code   RO          135    .text.HAL_ADC_ConvCpltCallback  main.o
    0x0800049c   0x0800049c   0x0000000e   Code   RO          260    .text.HAL_ADC_GetValue  stm32f1xx_hal_adc.o
    0x080004aa   0x080004aa   0x00000002   PAD
    0x080004ac   0x080004ac   0x00000186   Code   RO          262    .text.HAL_ADC_IRQHandler  stm32f1xx_hal_adc.o
    0x08000632   0x08000632   0x00000002   PAD
    0x08000634   0x08000634   0x000001fe   Code   RO          226    .text.HAL_ADC_Init  stm32f1xx_hal_adc.o
    0x08000832   0x08000832   0x00000002   PAD
    0x08000834   0x08000834   0x00000008   Code   RO          266    .text.HAL_ADC_LevelOutOfWindowCallback  stm32f1xx_hal_adc.o
    0x0800083c   0x0800083c   0x0000008c   Code   RO          194    .text.HAL_ADC_MspInit  stm32f1xx_hal_msp.o
    0x080008c8   0x080008c8   0x000001ac   Code   RO          246    .text.HAL_ADC_Start_IT  stm32f1xx_hal_adc.o
    0x08000a74   0x08000a74   0x00000042   Code   RO          340    .text.HAL_Delay     stm32f1xx_hal.o
    0x08000ab6   0x08000ab6   0x00000002   PAD
    0x08000ab8   0x08000ab8   0x0000000a   Code   RO          448    .text.HAL_GPIO_EXTI_Callback  stm32f1xx_hal_gpio.o
    0x08000ac2   0x08000ac2   0x00000002   PAD
    0x08000ac4   0x08000ac4   0x00000038   Code   RO          446    .text.HAL_GPIO_EXTI_IRQHandler  stm32f1xx_hal_gpio.o
    0x08000afc   0x08000afc   0x0000031e   Code   RO          434    .text.HAL_GPIO_Init  stm32f1xx_hal_gpio.o
    0x08000e1a   0x08000e1a   0x00000002   PAD
    0x08000e1c   0x08000e1c   0x0000002a   Code   RO          440    .text.HAL_GPIO_WritePin  stm32f1xx_hal_gpio.o
    0x08000e46   0x08000e46   0x00000002   PAD
    0x08000e48   0x08000e48   0x0000000c   Code   RO          332    .text.HAL_GetTick   stm32f1xx_hal.o
    0x08000e54   0x08000e54   0x0000001a   Code   RO          330    .text.HAL_IncTick   stm32f1xx_hal.o
    0x08000e6e   0x08000e6e   0x00000002   PAD
    0x08000e70   0x08000e70   0x0000002c   Code   RO          320    .text.HAL_Init      stm32f1xx_hal.o
    0x08000e9c   0x08000e9c   0x00000068   Code   RO          322    .text.HAL_InitTick  stm32f1xx_hal.o
    0x08000f04   0x08000f04   0x00000064   Code   RO          192    .text.HAL_MspInit   stm32f1xx_hal_msp.o
    0x08000f68   0x08000f68   0x00000010   Code   RO          502    .text.HAL_NVIC_EnableIRQ  stm32f1xx_hal_cortex.o
    0x08000f78   0x08000f78   0x0000002e   Code   RO          494    .text.HAL_NVIC_SetPriority  stm32f1xx_hal_cortex.o
    0x08000fa6   0x08000fa6   0x00000002   PAD
    0x08000fa8   0x08000fa8   0x00000010   Code   RO          490    .text.HAL_NVIC_SetPriorityGrouping  stm32f1xx_hal_cortex.o
    0x08000fb8   0x08000fb8   0x000001ba   Code   RO          419    .text.HAL_RCCEx_PeriphCLKConfig  stm32f1xx_hal_rcc_ex.o
    0x08001172   0x08001172   0x00000002   PAD
    0x08001174   0x08001174   0x00000244   Code   RO          386    .text.HAL_RCC_ClockConfig  stm32f1xx_hal_rcc.o
    0x080013b8   0x080013b8   0x000000e4   Code   RO          388    .text.HAL_RCC_GetSysClockFreq  stm32f1xx_hal_rcc.o
    0x0800149c   0x0800149c   0x0000064c   Code   RO          382    .text.HAL_RCC_OscConfig  stm32f1xx_hal_rcc.o
    0x08001ae8   0x08001ae8   0x000000ea   Code   RO          698    .text.HAL_SPI_Init  stm32f1xx_hal_spi.o
    0x08001bd2   0x08001bd2   0x00000002   PAD
    0x08001bd4   0x08001bd4   0x00000098   Code   RO          198    .text.HAL_SPI_MspInit  stm32f1xx_hal_msp.o
    0x08001c6c   0x08001c6c   0x00000264   Code   RO          706    .text.HAL_SPI_Transmit  stm32f1xx_hal_spi.o
    0x08001ed0   0x08001ed0   0x00000010   Code   RO          514    .text.HAL_SYSTICK_Config  stm32f1xx_hal_cortex.o
    0x08001ee0   0x08001ee0   0x000000cc   Code   RO         1128    .text.HAL_TIMEx_MasterConfigSynchronization  stm32f1xx_hal_tim_ex.o
    0x08001fac   0x08001fac   0x0000007c   Code   RO          815    .text.HAL_TIM_Base_Init  stm32f1xx_hal_tim.o
    0x08002028   0x08002028   0x0000003a   Code   RO          202    .text.HAL_TIM_Base_MspInit  stm32f1xx_hal_msp.o
    0x08002062   0x08002062   0x00000002   PAD
    0x08002064   0x08002064   0x0000009a   Code   RO          825    .text.HAL_TIM_Base_Start  stm32f1xx_hal_tim.o
    0x080020fe   0x080020fe   0x00000002   PAD
    0x08002100   0x08002100   0x00000166   Code   RO         1007    .text.HAL_TIM_ConfigClockSource  stm32f1xx_hal_tim.o
    0x08002266   0x08002266   0x00000002   PAD
    0x08002268   0x08002268   0x00000004   Code   RO          165    .text.HardFault_Handler  stm32f1xx_it.o
    0x0800226c   0x0800226c   0x00000068   Code   RO          143    .text.MX_ADC1_Init  main.o
    0x080022d4   0x080022d4   0x00000102   Code   RO          141    .text.MX_GPIO_Init  main.o
    0x080023d6   0x080023d6   0x00000002   PAD
    0x080023d8   0x080023d8   0x0000004e   Code   RO          145    .text.MX_SPI2_Init  main.o
    0x08002426   0x08002426   0x00000002   PAD
    0x08002428   0x08002428   0x0000008a   Code   RO          147    .text.MX_TIM1_Init  main.o
    0x080024b2   0x080024b2   0x00000002   PAD
    0x080024b4   0x080024b4   0x00000004   Code   RO          167    .text.MemManage_Handler  stm32f1xx_it.o
    0x080024b8   0x080024b8   0x00000004   Code   RO          163    .text.NMI_Handler   stm32f1xx_it.o
    0x080024bc   0x080024bc   0x0000006c   Code   RO          500    .text.NVIC_EncodePriority  stm32f1xx_hal_cortex.o
    0x08002528   0x08002528   0x00000002   Code   RO          177    .text.PendSV_Handler  stm32f1xx_it.o
    0x0800252a   0x0800252a   0x00000002   PAD
    0x0800252c   0x0800252c   0x0000003a   Code   RO          384    .text.RCC_Delay     stm32f1xx_hal_rcc.o
    0x08002566   0x08002566   0x00000002   PAD
    0x08002568   0x08002568   0x0000003c   Code   RO          708    .text.SPI_EndRxTxTransaction  stm32f1xx_hal_spi.o
    0x080025a4   0x080025a4   0x0000011c   Code   RO          806    .text.SPI_WaitFlagStateUntilTimeout  stm32f1xx_hal_spi.o
    0x080026c0   0x080026c0   0x00000016   Code   RO           15    .text.ST7735_BLK_ON  st7735.o
    0x080026d6   0x080026d6   0x00000002   PAD
    0x080026d8   0x080026d8   0x000000b2   Code   RO           17    .text.ST7735_ExecuteCommandList  st7735.o
    0x0800278a   0x0800278a   0x00000002   PAD
    0x0800278c   0x0800278c   0x00000038   Code   RO           13    .text.ST7735_Init   st7735.o
    0x080027c4   0x080027c4   0x0000002c   Code   RO           41    .text.ST7735_Reset  st7735.o
    0x080027f0   0x080027f0   0x00000016   Code   RO           39    .text.ST7735_Select  st7735.o
    0x08002806   0x08002806   0x00000002   PAD
    0x08002808   0x08002808   0x00000016   Code   RO           11    .text.ST7735_Unselect  st7735.o
    0x0800281e   0x0800281e   0x00000002   PAD
    0x08002820   0x08002820   0x00000034   Code   RO           37    .text.ST7735_WriteCommand  st7735.o
    0x08002854   0x08002854   0x00000034   Code   RO           23    .text.ST7735_WriteData  st7735.o
    0x08002888   0x08002888   0x00000002   Code   RO          173    .text.SVC_Handler   stm32f1xx_it.o
    0x0800288a   0x0800288a   0x00000002   PAD
    0x0800288c   0x0800288c   0x00000052   Code   RO          516    .text.SysTick_Config  stm32f1xx_hal_cortex.o
    0x080028de   0x080028de   0x00000002   PAD
    0x080028e0   0x080028e0   0x00000008   Code   RO          179    .text.SysTick_Handler  stm32f1xx_it.o
    0x080028e8   0x080028e8   0x00000090   Code   RO          139    .text.SystemClock_Config  main.o
    0x08002978   0x08002978   0x00000002   Code   RO         1151    .text.SystemInit    system_stm32f1xx.o
    0x0800297a   0x0800297a   0x00000002   PAD
    0x0800297c   0x0800297c   0x000000f0   Code   RO          819    .text.TIM_Base_SetConfig  stm32f1xx_hal_tim.o
    0x08002a6c   0x08002a6c   0x00000034   Code   RO         1005    .text.TIM_ETR_SetConfig  stm32f1xx_hal_tim.o
    0x08002aa0   0x08002aa0   0x0000002a   Code   RO         1011    .text.TIM_ITRx_SetConfig  stm32f1xx_hal_tim.o
    0x08002aca   0x08002aca   0x00000002   PAD
    0x08002acc   0x08002acc   0x00000050   Code   RO         1009    .text.TIM_TI1_ConfigInputStage  stm32f1xx_hal_tim.o
    0x08002b1c   0x08002b1c   0x00000052   Code   RO         1013    .text.TIM_TI2_ConfigInputStage  stm32f1xx_hal_tim.o
    0x08002b6e   0x08002b6e   0x00000002   PAD
    0x08002b70   0x08002b70   0x00000004   Code   RO          171    .text.UsageFault_Handler  stm32f1xx_it.o
    0x08002b74   0x08002b74   0x0000002a   Code   RO          504    .text.__NVIC_EnableIRQ  stm32f1xx_hal_cortex.o
    0x08002b9e   0x08002b9e   0x00000002   PAD
    0x08002ba0   0x08002ba0   0x00000010   Code   RO          496    .text.__NVIC_GetPriorityGrouping  stm32f1xx_hal_cortex.o
    0x08002bb0   0x08002bb0   0x0000003a   Code   RO          498    .text.__NVIC_SetPriority  stm32f1xx_hal_cortex.o
    0x08002bea   0x08002bea   0x00000002   PAD
    0x08002bec   0x08002bec   0x0000003c   Code   RO          492    .text.__NVIC_SetPriorityGrouping  stm32f1xx_hal_cortex.o
    0x08002c28   0x08002c28   0x00000040   Code   RO          137    .text.main          main.o
    0x08002c68   0x08002c68   0x0000000e   Code   RO         1208    i.__scatterload_copy  mc_w.l(handlers.o)
    0x08002c76   0x08002c76   0x00000002   Code   RO         1209    i.__scatterload_null  mc_w.l(handlers.o)
    0x08002c78   0x08002c78   0x0000000e   Code   RO         1210    i.__scatterload_zeroinit  mc_w.l(handlers.o)
    0x08002c86   0x08002c86   0x00000010   Data   RO         1156    .rodata.AHBPrescTable  system_stm32f1xx.o
    0x08002c96   0x08002c96   0x0000003b   Data   RO           43    .rodata.init_cmds1  st7735.o
    0x08002cd1   0x08002cd1   0x0000000d   Data   RO           44    .rodata.init_cmds2  st7735.o
    0x08002cde   0x08002cde   0x0000002b   Data   RO           45    .rodata.init_cmds3  st7735.o
    0x08002d09   0x08002d09   0x00000003   PAD
    0x08002d0c   0x08002d0c   0x00000020   Data   RO         1207    Region$$Table       anon$$obj.o


    Execution Region RW_IRAM1 (Exec base: 0x20000000, Load base: 0x08002d30, Size: 0x00000510, Max: 0x00005000, ABSOLUTE)

    Exec Addr    Load Addr    Size         Type   Attr      Idx    E Section Name        Object

    0x20000000   0x08002d30   0x00000004   Data   RW         1155    .data.SystemCoreClock  system_stm32f1xx.o
    0x20000004   0x08002d34   0x00000004   Data   RW          371    .data.uwTickFreq    stm32f1xx_hal.o
    0x20000008   0x08002d38   0x00000004   Data   RW          370    .data.uwTickPrio    stm32f1xx_hal.o
    0x2000000c   0x08002d3c   0x00000004   PAD
    0x20000010        -       0x00000004   Zero   RW          153    .bss.adc_val        main.o
    0x20000014        -       0x00000030   Zero   RW          152    .bss.hadc1          main.o
    0x20000044        -       0x0000005c   Zero   RW          154    .bss.hspi2          main.o
    0x200000a0        -       0x00000068   Zero   RW          151    .bss.htim1          main.o
    0x20000108        -       0x00000004   Zero   RW          372    .bss.uwTick         stm32f1xx_hal.o
    0x2000010c   0x08002d3c   0x00000004   PAD
    0x20000110        -       0x00000400   Zero   RW            1    STACK               startup_stm32f103xb.o


==============================================================================

Image component sizes


      Code (inc. data)   RO Data    RW Data    ZI Data      Debug   Object Name

       832          0          0          0        248      10023   main.o
       448          0        115          0          0       4736   st7735.o
        36          8        236          0       1024        824   startup_stm32f103xb.o
       252          0          0          8          4       5565   stm32f1xx_hal.o
      2072          0          0          0          0       9317   stm32f1xx_hal_adc.o
         8          0          0          0          0       7399   stm32f1xx_hal_adc_ex.o
       460          0          0          0          0       7528   stm32f1xx_hal_cortex.o
       906          0          0          0          0       4228   stm32f1xx_hal_gpio.o
       450          0          0          0          0       8342   stm32f1xx_hal_msp.o
      2478          0          0          0          0       7425   stm32f1xx_hal_rcc.o
       442          0          0          0          0       3133   stm32f1xx_hal_rcc_ex.o
      1190          0          0          0          0      19159   stm32f1xx_hal_spi.o
      1132          0          0          0          0      34514   stm32f1xx_hal_tim.o
       204          0          0          0          0      14742   stm32f1xx_hal_tim_ex.o
        60          0          0          0          0       1376   stm32f1xx_it.o
         2          0         16          4          0       1600   system_stm32f1xx.o

    ----------------------------------------------------------------------
     11040          8        402         12       1284     139911   Object Totals
         0          0         32          0          0          0   (incl. Generated)
        68          0          3          0          8          0   (incl. Padding)

    ----------------------------------------------------------------------

      Code (inc. data)   RO Data    RW Data    ZI Data      Debug   Library Member Name

         0          0          0          0          0          0   entry.o
         0          0          0          0          0          0   entry10a.o
         0          0          0          0          0          0   entry11a.o
         8          4          0          0          0          0   entry2.o
         4          0          0          0          0          0   entry5.o
         0          0          0          0          0          0   entry7b.o
         0          0          0          0          0          0   entry8b.o
         8          4          0          0          0          0   entry9a.o
        30          0          0          0          0          0   handlers.o
        36          8          0          0          0         68   init.o
        36          0          0          0          0        108   memseta.o

    ----------------------------------------------------------------------
       122         16          0          0          0        176   Library Totals
         0          0          0          0          0          0   (incl. Padding)

    ----------------------------------------------------------------------

      Code (inc. data)   RO Data    RW Data    ZI Data      Debug   Library Name

       122         16          0          0          0        176   mc_w.l

    ----------------------------------------------------------------------
       122         16          0          0          0        176   Library Totals

    ----------------------------------------------------------------------

==============================================================================


      Code (inc. data)   RO Data    RW Data    ZI Data      Debug   

     11162         24        402         12       1284     139959   Grand Totals
     11162         24        402         12       1284     139959   ELF Image Totals
     11162         24        402         12          0          0   ROM Totals

==============================================================================

    Total RO  Size (Code + RO Data)                11564 (  11.29kB)
    Total RW  Size (RW Data + ZI Data)              1296 (   1.27kB)
    Total ROM Size (Code + RO Data + RW Data)      11576 (  11.30kB)

==============================================================================

